{"level":"ERROR","location":"[get_call:173] fyersModel","message":{"API":"/funds","Error":{"code":-16,"message":"Could not authenticate the user","s":"error"}},"timestamp":"2026-07-17 19:18:24,436+0000","service":"FyersAPI"}
{"level":"ERROR","location":"[get_call:173] fyersModel","message":{"API":"/funds","Error":{"code":-16,"message":"Could not authenticate the user","s":"error"}},"timestamp":"2026-07-17 19:18:37,291+0000","service":"FyersAPI"}
{"level":"ERROR","location":"[get_call:173] fyersModel","message":{"API":"/quotes","Error":{"message":"Please provide valid token","code":-15,"s":"error"}},"timestamp":"2026-07-17 19:18:37,362+0000","service":"FyersAPI"}
{"level":"ERROR","location":"[get_call:173] fyersModel","message":{"API":"/funds","Error":{"code":-16,"message":"Could not authenticate the user","s":"error"}},"timestamp":"2026-07-17 19:18:37,432+0000","service":"FyersAPI"}
{"level":"ERROR","location":"[get_call:173] fyersModel","message":{"API":"/positions","Error":{"code":-16,"message":"Could not authenticate the user","s":"error"}},"timestamp":"2026-07-17 19:18:37,508+0000","service":"FyersAPI"}
{"level":"ERROR","location":"[get_call:173] fyersModel","message":{"API":"/history","Error":{"code":-16,"message":"Could not authenticate the user","s":"error"}},"timestamp":"2026-07-17 19:18:37,582+0000","service":"FyersAPI"}
{"level":"ERROR","location":"[post_call:116] fyersModel","message":{"API":"/orders/sync","Error":{"code":-16,"message":"Could not authenticate the user","s":"error"}},"timestamp":"2026-07-17 19:18:37,661+0000","service":"FyersAPI"}
{"level":"ERROR","location":"[get_call:173] fyersModel","message":{"API":"/funds","Error":{"code":-16,"message":"Could not authenticate the user","s":"error"}},"timestamp":"2026-07-17 19:19:22,026+0000","service":"FyersAPI"}
{"level":"ERROR","location":"[get_call:173] fyersModel","message":{"API":"/quotes","Error":{"message":"Please provide valid token","code":-15,"s":"error"}},"timestamp":"2026-07-17 19:19:22,098+0000","service":"FyersAPI"}
{"level":"ERROR","location":"[get_call:173] fyersModel","message":{"API":"/funds","Error":{"code":-16,"message":"Could not authenticate the user","s":"error"}},"timestamp":"2026-07-17 19:19:22,167+0000","service":"FyersAPI"}
{"level":"ERROR","location":"[get_call:173] fyersModel","message":{"API":"/positions","Error":{"code":-16,"message":"Could not authenticate the user","s":"error"}},"timestamp":"2026-07-17 19:19:22,244+0000","service":"FyersAPI"}
{"level":"ERROR","location":"[get_call:173] fyersModel","message":{"API":"/history","Error":{"code":-16,"message":"Could not authenticate the user","s":"error"}},"timestamp":"2026-07-17 19:19:22,360+0000","service":"FyersAPI"}
{"level":"ERROR","location":"[post_call:116] fyersModel","message":{"API":"/orders/sync","Error":{"code":-16,"message":"Could not authenticate the user","s":"error"}},"timestamp":"2026-07-17 19:19:22,433+0000","service":"FyersAPI"}
{"level":"ERROR","location":"[get_call:165] fyersModel","message":{"API":"/funds","Error":{"code":-16,"message":"Could not authenticate the user","s":"error"}},"timestamp":"2026-07-18 00:55:14,208+0530","service":"FyersAPI"}
{"level":"ERROR","location":"[get_call:165] fyersModel","message":{"API":"/quotes","Error":{"message":"Please provide valid token","code":-15,"s":"error"}},"timestamp":"2026-07-18 00:55:14,350+0530","service":"FyersAPI"}
{"level":"ERROR","location":"[get_call:165] fyersModel","message":{"API":"/funds","Error":{"code":-16,"message":"Could not authenticate the user","s":"error"}},"timestamp":"2026-07-18 00:55:14,500+0530","service":"FyersAPI"}
{"level":"ERROR","location":"[get_call:165] fyersModel","message":{"API":"/positions","Error":{"code":-16,"message":"Could not authenticate the user","s":"error"}},"timestamp":"2026-07-18 00:55:14,651+0530","service":"FyersAPI"}
{"level":"ERROR","location":"[get_call:165] fyersModel","message":{"API":"/history","Error":{"code":-16,"message":"Could not authenticate the user","s":"error"}},"timestamp":"2026-07-18 00:55:14,800+0530","service":"FyersAPI"}
{"level":"ERROR","location":"[post_call:108] fyersModel","message":{"API":"/orders/sync","Error":{"code":-16,"message":"Could not authenticate the user","s":"error"}},"timestamp":"2026-07-18 00:55:14,982+0530","service":"FyersAPI"}
{"level":"ERROR","location":"[get_call:165] fyersModel","message":{"API":"/funds","Error":{"code":-16,"message":"Could not authenticate the user","s":"error"}},"timestamp":"2026-07-18 00:59:36,417+0530","service":"FyersAPI"}
{"level":"ERROR","location":"[get_call:165] fyersModel","message":{"API":"/quotes","Error":{"message":"Please provide valid token","code":-15,"s":"error"}},"timestamp":"2026-07-18 00:59:36,464+0530","service":"FyersAPI"}
{"level":"ERROR","location":"[get_call:165] fyersModel","message":{"API":"/funds","Error":{"code":-16,"message":"Could not authenticate the user","s":"error"}},"timestamp":"2026-07-18 00:59:36,507+0530","service":"FyersAPI"}
{"level":"ERROR","location":"[get_call:165] fyersModel","message":{"API":"/positions","Error":{"code":-16,"message":"Could not authenticate the user","s":"error"}},"timestamp":"2026-07-18 00:59:36,559+0530","service":"FyersAPI"}
{"level":"ERROR","location":"[get_call:165] fyersModel","message":{"API":"/history","Error":{"code":-16,"message":"Could not authenticate the user","s":"error"}},"timestamp":"2026-07-18 00:59:36,606+0530","service":"FyersAPI"}
{"level":"ERROR","location":"[post_call:108] fyersModel","message":{"API":"/orders/sync","Error":{"code":-16,"message":"Could not authenticate the user","s":"error"}},"timestamp":"2026-07-18 00:59:36,656+0530","service":"FyersAPI"}
{"level":"ERROR","location":"[get_call:165] fyersModel","message":{"API":"/funds","Error":{"code":-16,"message":"Could not authenticate the user","s":"error"}},"timestamp":"2026-07-18 01:05:12,822+0530","service":"FyersAPI"}
{"level":"ERROR","location":"[get_call:165] fyersModel","message":{"API":"/quotes","Error":{"message":"Please provide valid token","code":-15,"s":"error"}},"timestamp":"2026-07-18 01:05:12,972+0530","service":"FyersAPI"}
{"level":"ERROR","location":"[get_call:165] fyersModel","message":{"API":"/funds","Error":{"code":-16,"message":"Could not authenticate the user","s":"error"}},"timestamp":"2026-07-18 01:05:13,274+0530","service":"FyersAPI"}
{"level":"ERROR","location":"[get_call:165] fyersModel","message":{"API":"/positions","Error":{"code":-16,"message":"Could not authenticate the user","s":"error"}},"timestamp":"2026-07-18 01:05:13,425+0530","service":"FyersAPI"}
{"level":"ERROR","location":"[get_call:165] fyersModel","message":{"API":"/history","Error":{"code":-16,"message":"Could not authenticate the user","s":"error"}},"timestamp":"2026-07-18 01:05:13,576+0530","service":"FyersAPI"}
{"level":"ERROR","location":"[post_call:108] fyersModel","message":{"API":"/orders/sync","Error":{"code":-16,"message":"Could not authenticate the user","s":"error"}},"timestamp":"2026-07-18 01:05:13,725+0530","service":"FyersAPI"}
{"level":"ERROR","location":"[get_call:165] fyersModel","message":{"API":"/funds","Error":{"code":-16,"message":"Could not authenticate the user","s":"error"}},"timestamp":"2026-07-18 01:22:55,625+0530","service":"FyersAPI"}
{"level":"ERROR","location":"[get_call:165] fyersModel","message":{"API":"/quotes","Error":{"message":"Please provide valid token","code":-15,"s":"error"}},"timestamp":"2026-07-18 01:22:55,699+0530","service":"FyersAPI"}
{"level":"ERROR","location":"[get_call:165] fyersModel","message":{"API":"/funds","Error":{"code":-16,"message":"Could not authenticate the user","s":"error"}},"timestamp":"2026-07-18 01:22:55,740+0530","service":"FyersAPI"}
{"level":"ERROR","location":"[get_call:165] fyersModel","message":{"API":"/positions","Error":{"code":-16,"message":"Could not authenticate the user","s":"error"}},"timestamp":"2026-07-18 01:22:55,789+0530","service":"FyersAPI"}
{"level":"ERROR","location":"[get_call:165] fyersModel","message":{"API":"/history","Error":{"code":-16,"message":"Could not authenticate the user","s":"error"}},"timestamp":"2026-07-18 01:22:55,832+0530","service":"FyersAPI"}
{"level":"ERROR","location":"[post_call:108] fyersModel","message":{"API":"/orders/sync","Error":{"code":-16,"message":"Could not authenticate the user","s":"error"}},"timestamp":"2026-07-18 01:22:55,922+0530","service":"FyersAPI"}
{"level":"ERROR","location":"[get_call:165] fyersModel","message":{"API":"/funds","Error":{"code":-16,"message":"Could not authenticate the user","s":"error"}},"timestamp":"2026-07-18 01:38:35,544+0530","service":"FyersAPI"}
{"level":"ERROR","location":"[get_call:165] fyersModel","message":{"API":"/quotes","Error":{"message":"Please provide valid token","code":-15,"s":"error"}},"timestamp":"2026-07-18 01:38:35,585+0530","service":"FyersAPI"}
{"level":"ERROR","location":"[get_call:165] fyersModel","message":{"API":"/funds","Error":{"code":-16,"message":"Could not authenticate the user","s":"error"}},"timestamp":"2026-07-18 01:38:35,624+0530","service":"FyersAPI"}
{"level":"ERROR","location":"[get_call:165] fyersModel","message":{"API":"/positions","Error":{"code":-16,"message":"Could not authenticate the user","s":"error"}},"timestamp":"2026-07-18 01:38:35,672+0530","service":"FyersAPI"}
{"level":"ERROR","location":"[get_call:165] fyersModel","message":{"API":"/history","Error":{"code":-16,"message":"Could not authenticate the user","s":"error"}},"timestamp":"2026-07-18 01:38:35,715+0530","service":"FyersAPI"}
{"level":"ERROR","location":"[post_call:108] fyersModel","message":{"API":"/orders/sync","Error":{"code":-16,"message":"Could not authenticate the user","s":"error"}},"timestamp":"2026-07-18 01:38:35,759+0530","service":"FyersAPI"}
{"level":"ERROR","location":"[get_call:165] fyersModel","message":{"API":"/history","Error":{"code":429,"message":"request limit reached","s":"error"}},"timestamp":"2026-07-18 12:07:04,558+0530","service":"FyersAPI"}
{"level":"ERROR","location":"[get_call:165] fyersModel","message":{"API":"/history","Error":{"code":429,"message":"request limit reached","s":"error"}},"timestamp":"2026-07-18 12:07:07,627+0530","service":"FyersAPI"}
{"level":"ERROR","location":"[get_call:165] fyersModel","message":{"API":"/history","Error":{"code":429,"message":"request limit reached","s":"error"}},"timestamp":"2026-07-18 12:12:17,216+0530","service":"FyersAPI"}
{"level":"ERROR","location":"[get_call:165] fyersModel","message":{"API":"/history","Error":{"code":-50,"data":{"from":"from range cannot be greater than to range"},"message":"Invalid input","s":"error"}},"timestamp":"2026-07-18 12:13:06,114+0530","service":"FyersAPI"}
{"level":"ERROR","location":"[get_call:165] fyersModel","message":{"API":"/history","Error":{"code":-300,"message":"Invalid symbol provided","s":"error"}},"timestamp":"2026-07-19 01:26:59,892+0530","service":"FyersAPI"}
{"level":"ERROR","location":"[get_call:165] fyersModel","message":{"API":"/history","Error":{"code":-300,"message":"Invalid symbol provided","s":"error"}},"timestamp":"2026-07-19 01:27:00,451+0530","service":"FyersAPI"}
{"level":"ERROR","location":"[get_call:165] fyersModel","message":{"API":"/history","Error":{"code":-300,"message":"Invalid symbol provided","s":"error"}},"timestamp":"2026-07-19 01:27:01,004+0530","service":"FyersAPI"}
{"level":"ERROR","location":"[get_call:165] fyersModel","message":{"API":"/history","Error":{"code":-300,"message":"Invalid symbol provided","s":"error"}},"timestamp":"2026-07-19 01:27:01,555+0530","service":"FyersAPI"}
{"level":"ERROR","location":"[get_call:165] fyersModel","message":{"API":"/history","Error":{"code":-300,"message":"Invalid symbol provided","s":"error"}},"timestamp":"2026-07-19 01:32:59,005+0530","service":"FyersAPI"}
{"level":"ERROR","location":"[get_call:165] fyersModel","message":{"API":"/history","Error":{"code":-300,"message":"Invalid symbol provided","s":"error"}},"timestamp":"2026-07-19 01:32:59,562+0530","service":"FyersAPI"}
{"level":"ERROR","location":"[get_call:165] fyersModel","message":{"API":"/history","Error":{"code":-300,"message":"Invalid symbol provided","s":"error"}},"timestamp":"2026-07-19 01:33:00,110+0530","service":"FyersAPI"}
{"level":"ERROR","location":"[get_call:165] fyersModel","message":{"API":"/history","Error":{"code":-300,"message":"Invalid symbol provided","s":"error"}},"timestamp":"2026-07-19 01:33:00,675+0530","service":"FyersAPI"}
{"level":"ERROR","location":"[get_call:165] fyersModel","message":{"API":"/history","Error":{"code":-300,"message":"Invalid symbol provided","s":"error"}},"timestamp":"2026-07-19 01:33:01,733+0530","service":"FyersAPI"}
{"level":"ERROR","location":"[get_call:165] fyersModel","message":{"API":"/history","Error":{"code":-300,"message":"Invalid symbol provided","s":"error"}},"timestamp":"2026-07-19 01:33:02,282+0530","service":"FyersAPI"}
{"level":"ERROR","location":"[get_call:165] fyersModel","message":{"API":"/history","Error":{"code":-300,"message":"Invalid symbol provided","s":"error"}},"timestamp":"2026-07-19 01:33:02,832+0530","service":"FyersAPI"}
{"level":"ERROR","location":"[get_call:165] fyersModel","message":{"API":"/history","Error":{"code":-300,"message":"Invalid symbol provided","s":"error"}},"timestamp":"2026-07-19 01:33:03,377+0530","service":"FyersAPI"}
{"level":"ERROR","location":"[get_call:165] fyersModel","message":{"API":"/history","Error":{"code":-300,"message":"Invalid symbol provided","s":"error"}},"timestamp":"2026-07-19 01:33:04,462+0530","service":"FyersAPI"}
{"level":"ERROR","location":"[get_call:165] fyersModel","message":{"API":"/history","Error":{"code":-300,"message":"Invalid symbol provided","s":"error"}},"timestamp":"2026-07-19 01:33:05,005+0530","service":"FyersAPI"}
{"level":"ERROR","location":"[get_call:165] fyersModel","message":{"API":"/history","Error":{"code":-300,"message":"Invalid symbol provided","s":"error"}},"timestamp":"2026-07-19 01:33:05,566+0530","service":"FyersAPI"}
{"level":"ERROR","location":"[get_call:165] fyersModel","message":{"API":"/history","Error":{"code":-300,"message":"Invalid symbol provided","s":"error"}},"timestamp":"2026-07-19 01:33:06,109+0530","service":"FyersAPI"}
{"level":"ERROR","location":"[get_call:165] fyersModel","message":{"API":"/history","Error":{"code":-300,"message":"Invalid symbol provided","s":"error"}},"timestamp":"2026-07-19 01:35:24,942+0530","service":"FyersAPI"}
{"level":"ERROR","location":"[get_call:165] fyersModel","message":{"API":"/history","Error":{"code":-300,"message":"Invalid symbol provided","s":"error"}},"timestamp":"2026-07-19 01:35:25,733+0530","service":"FyersAPI"}
{"level":"ERROR","location":"[get_call:165] fyersModel","message":{"API":"/history","Error":{"code":-300,"message":"Invalid symbol provided","s":"error"}},"timestamp":"2026-07-19 01:35:26,512+0530","service":"FyersAPI"}
{"level":"ERROR","location":"[get_call:165] fyersModel","message":{"API":"/history","Error":{"code":-300,"message":"Invalid symbol provided","s":"error"}},"timestamp":"2026-07-19 01:35:27,262+0530","service":"FyersAPI"}
{"level":"ERROR","location":"[get_call:165] fyersModel","message":{"API":"/history","Error":{"code":-300,"message":"Invalid symbol provided","s":"error"}},"timestamp":"2026-07-19 01:35:31,383+0530","service":"FyersAPI"}
{"level":"ERROR","location":"[get_call:165] fyersModel","message":{"API":"/history","Error":{"code":-300,"message":"Invalid symbol provided","s":"error"}},"timestamp":"2026-07-19 01:35:31,927+0530","service":"FyersAPI"}
{"level":"ERROR","location":"[get_call:165] fyersModel","message":{"API":"/history","Error":{"code":-300,"message":"Invalid symbol provided","s":"error"}},"timestamp":"2026-07-19 01:35:32,474+0530","service":"FyersAPI"}
{"level":"ERROR","location":"[get_call:165] fyersModel","message":{"API":"/history","Error":{"code":-300,"message":"Invalid symbol provided","s":"error"}},"timestamp":"2026-07-19 01:35:33,024+0530","service":"FyersAPI"}
{"level":"ERROR","location":"[get_call:165] fyersModel","message":{"API":"/history","Error":{"code":-300,"message":"Invalid symbol provided","s":"error"}},"timestamp":"2026-07-19 01:38:36,556+0530","service":"FyersAPI"}
{"level":"ERROR","location":"[get_call:165] fyersModel","message":{"API":"/history","Error":{"code":-300,"message":"Invalid symbol provided","s":"error"}},"timestamp":"2026-07-19 01:38:37,117+0530","service":"FyersAPI"}
{"level":"ERROR","location":"[get_call:165] fyersModel","message":{"API":"/history","Error":{"code":-300,"message":"Invalid symbol provided","s":"error"}},"timestamp":"2026-07-19 01:38:37,668+0530","service":"FyersAPI"}
{"level":"ERROR","location":"[get_call:165] fyersModel","message":{"API":"/history","Error":{"code":-300,"message":"Invalid symbol provided","s":"error"}},"timestamp":"2026-07-19 01:38:38,263+0530","service":"FyersAPI"}
{"level":"ERROR","location":"[get_call:165] fyersModel","message":{"API":"/history","Error":{"code":-300,"message":"Invalid symbol provided","s":"error"}},"timestamp":"2026-07-19 01:40:41,271+0530","service":"FyersAPI"}
{"level":"ERROR","location":"[get_call:165] fyersModel","message":{"API":"/history","Error":{"code":-300,"message":"Invalid symbol provided","s":"error"}},"timestamp":"2026-07-19 01:40:41,981+0530","service":"FyersAPI"}
{"level":"ERROR","location":"[get_call:165] fyersModel","message":{"API":"/history","Error":{"code":-300,"message":"Invalid symbol provided","s":"error"}},"timestamp":"2026-07-19 01:40:42,730+0530","service":"FyersAPI"}
{"level":"ERROR","location":"[get_call:165] fyersModel","message":{"API":"/history","Error":{"code":-300,"message":"Invalid symbol provided","s":"error"}},"timestamp":"2026-07-19 01:40:43,480+0530","service":"FyersAPI"}
{"level":"ERROR","location":"[get_call:165] fyersModel","message":{"API":"/history","Error":{"code":-300,"message":"Invalid symbol provided","s":"error"}},"timestamp":"2026-07-19 01:41:24,513+0530","service":"FyersAPI"}
{"level":"ERROR","location":"[get_call:165] fyersModel","message":{"API":"/history","Error":{"code":-300,"message":"Invalid symbol provided","s":"error"}},"timestamp":"2026-07-19 01:41:25,104+0530","service":"FyersAPI"}
{"level":"ERROR","location":"[get_call:165] fyersModel","message":{"API":"/history","Error":{"code":-300,"message":"Invalid symbol provided","s":"error"}},"timestamp":"2026-07-19 01:41:25,910+0530","service":"FyersAPI"}
{"level":"ERROR","location":"[get_call:165] fyersModel","message":{"API":"/history","Error":{"code":-300,"message":"Invalid symbol provided","s":"error"}},"timestamp":"2026-07-19 01:41:26,660+0530","service":"FyersAPI"}
