{"level":"DEBUG","location":"[get_call:167] fyersModel","message":{"Status Code":401,"API":"/funds"},"timestamp":"2026-07-17 19:18:24,435+0000","service":"FyersAPIRequest"}
{"level":"DEBUG","location":"[get_call:167] fyersModel","message":{"Status Code":401,"API":"/funds"},"timestamp":"2026-07-17 19:18:37,291+0000","service":"FyersAPIRequest"}
{"level":"DEBUG","location":"[get_call:167] fyersModel","message":{"Status Code":401,"API":"/quotes"},"timestamp":"2026-07-17 19:18:37,361+0000","service":"FyersAPIRequest"}
{"level":"DEBUG","location":"[get_call:167] fyersModel","message":{"Status Code":401,"API":"/funds"},"timestamp":"2026-07-17 19:18:37,431+0000","service":"FyersAPIRequest"}
{"level":"DEBUG","location":"[get_call:167] fyersModel","message":{"Status Code":401,"API":"/positions"},"timestamp":"2026-07-17 19:18:37,508+0000","service":"FyersAPIRequest"}
{"level":"DEBUG","location":"[get_call:167] fyersModel","message":{"Status Code":401,"API":"/history"},"timestamp":"2026-07-17 19:18:37,582+0000","service":"FyersAPIRequest"}
{"level":"DEBUG","location":"[post_call:108] fyersModel","message":{"Status Code":401,"API":"/orders/sync"},"timestamp":"2026-07-17 19:18:37,660+0000","service":"FyersAPIRequest"}
{"level":"DEBUG","location":"[get_call:167] fyersModel","message":{"Status Code":401,"API":"/funds"},"timestamp":"2026-07-17 19:19:22,026+0000","service":"FyersAPIRequest"}
{"level":"DEBUG","location":"[get_call:167] fyersModel","message":{"Status Code":401,"API":"/quotes"},"timestamp":"2026-07-17 19:19:22,098+0000","service":"FyersAPIRequest"}
{"level":"DEBUG","location":"[get_call:167] fyersModel","message":{"Status Code":401,"API":"/funds"},"timestamp":"2026-07-17 19:19:22,167+0000","service":"FyersAPIRequest"}
{"level":"DEBUG","location":"[get_call:167] fyersModel","message":{"Status Code":401,"API":"/positions"},"timestamp":"2026-07-17 19:19:22,243+0000","service":"FyersAPIRequest"}
{"level":"DEBUG","location":"[get_call:167] fyersModel","message":{"Status Code":401,"API":"/history"},"timestamp":"2026-07-17 19:19:22,360+0000","service":"FyersAPIRequest"}
{"level":"DEBUG","location":"[post_call:108] fyersModel","message":{"Status Code":401,"API":"/orders/sync"},"timestamp":"2026-07-17 19:19:22,433+0000","service":"FyersAPIRequest"}
{"level":"DEBUG","location":"[get_call:159] fyersModel","message":{"Status Code":401,"API":"/funds"},"timestamp":"2026-07-18 00:55:14,208+0530","service":"FyersAPIRequest"}
{"level":"DEBUG","location":"[get_call:159] fyersModel","message":{"Status Code":401,"API":"/quotes"},"timestamp":"2026-07-18 00:55:14,349+0530","service":"FyersAPIRequest"}
{"level":"DEBUG","location":"[get_call:159] fyersModel","message":{"Status Code":401,"API":"/funds"},"timestamp":"2026-07-18 00:55:14,500+0530","service":"FyersAPIRequest"}
{"level":"DEBUG","location":"[get_call:159] fyersModel","message":{"Status Code":401,"API":"/positions"},"timestamp":"2026-07-18 00:55:14,650+0530","service":"FyersAPIRequest"}
{"level":"DEBUG","location":"[get_call:159] fyersModel","message":{"Status Code":401,"API":"/history"},"timestamp":"2026-07-18 00:55:14,800+0530","service":"FyersAPIRequest"}
{"level":"DEBUG","location":"[post_call:100] fyersModel","message":{"Status Code":401,"API":"/orders/sync"},"timestamp":"2026-07-18 00:55:14,981+0530","service":"FyersAPIRequest"}
{"level":"DEBUG","location":"[get_call:159] fyersModel","message":{"Status Code":401,"API":"/funds"},"timestamp":"2026-07-18 00:59:36,417+0530","service":"FyersAPIRequest"}
{"level":"DEBUG","location":"[get_call:159] fyersModel","message":{"Status Code":401,"API":"/quotes"},"timestamp":"2026-07-18 00:59:36,463+0530","service":"FyersAPIRequest"}
{"level":"DEBUG","location":"[get_call:159] fyersModel","message":{"Status Code":401,"API":"/funds"},"timestamp":"2026-07-18 00:59:36,507+0530","service":"FyersAPIRequest"}
{"level":"DEBUG","location":"[get_call:159] fyersModel","message":{"Status Code":401,"API":"/positions"},"timestamp":"2026-07-18 00:59:36,558+0530","service":"FyersAPIRequest"}
{"level":"DEBUG","location":"[get_call:159] fyersModel","message":{"Status Code":401,"API":"/history"},"timestamp":"2026-07-18 00:59:36,605+0530","service":"FyersAPIRequest"}
{"level":"DEBUG","location":"[post_call:100] fyersModel","message":{"Status Code":401,"API":"/orders/sync"},"timestamp":"2026-07-18 00:59:36,656+0530","service":"FyersAPIRequest"}
{"level":"DEBUG","location":"[get_call:159] fyersModel","message":{"Status Code":401,"API":"/funds"},"timestamp":"2026-07-18 01:05:12,822+0530","service":"FyersAPIRequest"}
{"level":"DEBUG","location":"[get_call:159] fyersModel","message":{"Status Code":401,"API":"/quotes"},"timestamp":"2026-07-18 01:05:12,972+0530","service":"FyersAPIRequest"}
{"level":"DEBUG","location":"[get_call:159] fyersModel","message":{"Status Code":401,"API":"/funds"},"timestamp":"2026-07-18 01:05:13,274+0530","service":"FyersAPIRequest"}
{"level":"DEBUG","location":"[get_call:159] fyersModel","message":{"Status Code":401,"API":"/positions"},"timestamp":"2026-07-18 01:05:13,425+0530","service":"FyersAPIRequest"}
{"level":"DEBUG","location":"[get_call:159] fyersModel","message":{"Status Code":401,"API":"/history"},"timestamp":"2026-07-18 01:05:13,575+0530","service":"FyersAPIRequest"}
{"level":"DEBUG","location":"[post_call:100] fyersModel","message":{"Status Code":401,"API":"/orders/sync"},"timestamp":"2026-07-18 01:05:13,725+0530","service":"FyersAPIRequest"}
{"level":"DEBUG","location":"[get_call:159] fyersModel","message":{"Status Code":401,"API":"/funds"},"timestamp":"2026-07-18 01:22:55,625+0530","service":"FyersAPIRequest"}
{"level":"DEBUG","location":"[get_call:159] fyersModel","message":{"Status Code":401,"API":"/quotes"},"timestamp":"2026-07-18 01:22:55,699+0530","service":"FyersAPIRequest"}
{"level":"DEBUG","location":"[get_call:159] fyersModel","message":{"Status Code":401,"API":"/funds"},"timestamp":"2026-07-18 01:22:55,740+0530","service":"FyersAPIRequest"}
{"level":"DEBUG","location":"[get_call:159] fyersModel","message":{"Status Code":401,"API":"/positions"},"timestamp":"2026-07-18 01:22:55,788+0530","service":"FyersAPIRequest"}
{"level":"DEBUG","location":"[get_call:159] fyersModel","message":{"Status Code":401,"API":"/history"},"timestamp":"2026-07-18 01:22:55,832+0530","service":"FyersAPIRequest"}
{"level":"DEBUG","location":"[post_call:100] fyersModel","message":{"Status Code":401,"API":"/orders/sync"},"timestamp":"2026-07-18 01:22:55,922+0530","service":"FyersAPIRequest"}
{"level":"DEBUG","location":"[get_call:159] fyersModel","message":{"Status Code":401,"API":"/funds"},"timestamp":"2026-07-18 01:38:35,544+0530","service":"FyersAPIRequest"}
{"level":"DEBUG","location":"[get_call:159] fyersModel","message":{"Status Code":401,"API":"/quotes"},"timestamp":"2026-07-18 01:38:35,585+0530","service":"FyersAPIRequest"}
{"level":"DEBUG","location":"[get_call:159] fyersModel","message":{"Status Code":401,"API":"/funds"},"timestamp":"2026-07-18 01:38:35,624+0530","service":"FyersAPIRequest"}
{"level":"DEBUG","location":"[get_call:159] fyersModel","message":{"Status Code":401,"API":"/positions"},"timestamp":"2026-07-18 01:38:35,672+0530","service":"FyersAPIRequest"}
{"level":"DEBUG","location":"[get_call:159] fyersModel","message":{"Status Code":401,"API":"/history"},"timestamp":"2026-07-18 01:38:35,715+0530","service":"FyersAPIRequest"}
{"level":"DEBUG","location":"[post_call:100] fyersModel","message":{"Status Code":401,"API":"/orders/sync"},"timestamp":"2026-07-18 01:38:35,758+0530","service":"FyersAPIRequest"}
