2026-06-04 10:28:25,330 - SwingTradingEngine - INFO - Recovering session: permanent
2026-06-04 10:28:26,670 - SwingTradingEngine - INFO - Recovered session: {'session_id': 'permanent', 'start_time': '2026-05-13T19:24:20.890347+05:30', 'open_positions': 0, 'total_orders': 0, 'total_pnl': 279.6499999999994, 'closed_positions': 13, 'portfolio_snapshots': 19, 'capital_available': 10000, 'capital_used': 0}
2026-06-04 10:28:26,670 - SwingTradingEngine - INFO - Swing Trading Engine initialized – Session: permanent
2026-06-04 10:28:26,670 - SwingTradingEngine - INFO - Position refresh: 15:01
2026-06-04 10:28:26,670 - SwingTradingEngine - INFO - Signal scan: 15:14 (after DB update)
2026-06-04 10:28:26,670 - SwingTradingEngine - INFO - Starting live swing trading loop
2026-06-04 10:28:26,670 - SwingTradingEngine - INFO - 📅 Loaded timing metadata: position_refresh=2026-05-27, scan=2026-06-02
2026-06-04 10:28:26,670 - SwingTradingEngine - INFO - 🔄 Recovered timing state: Last position_refresh=2026-05-27, last_scan=2026-06-02
2026-06-04 10:28:26,670 - SwingTradingEngine - INFO - Market opened
2026-06-04 15:01:00,600 - SwingTradingEngine - INFO - ⏰ Position refresh trigger (3:00 PM)
2026-06-04 15:01:00,608 - SwingTradingEngine - INFO - 📊 3:00 PM position refresh – syncing with broker...
2026-06-04 15:01:03,260 - SwingTradingEngine - INFO - Sync completed: {'timestamp': '2026-06-04T15:01:00.608786+05:30', 'positions': {'added': [], 'updated': [], 'closed_by_gtt': [], 'closed_manual': [], 'conflicts': []}, 'orders': {'filled': [], 'cancelled': [], 'pending': [], 'conflicts': []}, 'success': True, 'portfolio_snapshot': {'date': '2026-06-04', 'snapshot': {'date': '2026-06-04', 'holdings': [{'symbol': 'NSE:360ONE-EQ', 'normalized_symbol': '360ONE', 'quantity': 11, 'average_price': 1092.0, 'current_value': 11767.8, 'unrealized_pnl': -244.2000000000005, 'entry_time': None}, {'symbol': 'NSE:CHALET-EQ', 'normalized_symbol': 'CHALET', 'quantity': 6, 'average_price': 784.35, 'current_value': 4656.0, 'unrealized_pnl': -50.100000000000136, 'entry_time': None}, {'symbol': 'NSE:BANKBARODA-EQ', 'normalized_symbol': 'BANKBARODA', 'quantity': 1, 'average_price': 266.55, 'current_value': 271.0, 'unrealized_pnl': 4.449999999999989, 'entry_time': None}], 'closed_positions': [], 'updated_at': '2026-06-04T15:01:03.043444+05:30'}}, 'balance': {'success': True, 'balance': {'equity_available': 81697.09, 'used_margin': 0, 'available_margin': 81697.09, 'net_pnl': 0, 'total_realized_pnl': 0, 'total_unrealized_pnl': 0, 'timestamp': '2026-06-04T15:01:03.260538+05:30'}}}
2026-06-04 15:01:03,261 - SwingTradingEngine - WARNING - ⏱️  NSE:CHALET-EQ exceeded 7 days – closing
2026-06-04 15:01:03,561 - SwingTradingEngine - INFO - ✅ Manual SELL for NSE:CHALET-EQ @ 776.00 | Order: 26060400585702
2026-06-04 15:01:03,561 - SwingTradingEngine - ERROR - Loop error: 'dict' object has no attribute 'quantity'
2026-06-04 15:14:03,581 - SwingTradingEngine - INFO - ⏰ 3:13 PM – Database update & signal scan
2026-06-04 15:14:03,581 - SwingTradingEngine - INFO - 🔄 Running database updater...
2026-06-04 15:15:39,951 - SwingTradingEngine - INFO - ✅ Database update completed successfully
2026-06-04 15:15:39,951 - SwingTradingEngine - INFO - 🔍 3:13 PM – scanning for new signals...
2026-06-04 15:17:00,123 - SwingTradingEngine - INFO - Found 8 raw buy signals
2026-06-04 15:17:00,124 - SwingTradingEngine - INFO - ****** Selected [{'symbol': 'NSE:360ONE-EQ', 'name': '360 ONE WAM LIMITED', 'open': 1064.3, 'close': 1067.1, 'sector': 'Financial Services', 'confidence': np.float64(0.2), 'sector_weight': 0.3, 'final_weight': 0.4285714285714286}, {'symbol': 'NSE:AKUMS-EQ', 'name': 'AKUMS DRUGS AND PHARMA L', 'open': 540.5, 'close': 557.25, 'sector': 'Healthcare', 'confidence': np.float64(0.2), 'sector_weight': 0.2, 'final_weight': 0.28571428571428575}, {'symbol': 'NSE:CGPOWER-EQ', 'name': 'CG POWER AND IND SOL LTD', 'open': 915.0, 'close': 937.15, 'sector': 'Capital Goods', 'confidence': np.float64(0.2), 'sector_weight': 0.2, 'final_weight': 0.28571428571428575}, {'symbol': 'NSE:BLUESTARCO-EQ', 'name': 'BLUE STAR LIMITED', 'open': 1580.2, 'close': 1610.0, 'sector': 'Consumer Durables', 'confidence': np.float64(0.2), 'sector_weight': 0, 'final_weight': 0.0}, {'symbol': 'NSE:GMRAIRPORT-EQ', 'name': 'GMR AIRPORTS LIMITED', 'open': 98.01, 'close': 101.92, 'sector': 'Services', 'confidence': np.float64(0.2), 'sector_weight': 0, 'final_weight': 0.0}] signals for entry
2026-06-04 15:17:00,124 - SwingTradingEngine - INFO - Placing position: NSE:360ONE-EQ | Entry: 1067.10 | Qty: 8 | SL: 1024.42 | TP: 1152.47
2026-06-04 15:17:00,358 - SwingTradingEngine - INFO - ✅ Entry filled + GTT placed
2026-06-04 15:17:00,362 - SwingTradingEngine - INFO - ✅ Position opened: NSE:360ONE-EQ | Cap: 8536.80 | SL: 1024.42 | TP: 1152.47
2026-06-04 15:17:00,362 - SwingTradingEngine - INFO - Placing position: NSE:AKUMS-EQ | Entry: 557.25 | Qty: 10 | SL: 534.96 | TP: 601.83
2026-06-04 15:17:00,560 - SwingTradingEngine - INFO - ✅ Entry filled + GTT placed
2026-06-04 15:17:00,564 - SwingTradingEngine - INFO - ✅ Position opened: NSE:AKUMS-EQ | Cap: 5572.50 | SL: 534.96 | TP: 601.83
2026-06-04 15:17:00,564 - SwingTradingEngine - INFO - Placing position: NSE:CGPOWER-EQ | Entry: 937.15 | Qty: 6 | SL: 899.66 | TP: 1012.12
2026-06-04 15:17:00,759 - SwingTradingEngine - INFO - ✅ Entry filled + GTT placed
2026-06-04 15:17:00,762 - SwingTradingEngine - INFO - ✅ Position opened: NSE:CGPOWER-EQ | Cap: 5622.90 | SL: 899.66 | TP: 1012.12
2026-06-04 15:17:00,762 - SwingTradingEngine - WARNING - Invalid weight for NSE:BLUESTARCO-EQ: 0.0
2026-06-04 15:17:00,762 - SwingTradingEngine - WARNING - Invalid weight for NSE:GMRAIRPORT-EQ: 0.0
2026-06-04 15:17:00,762 - SwingTradingEngine - INFO - 🎯 Scan result: {'success': True, 'signals_found': 8, 'positions_opened': 3}
2026-06-04 15:17:00,762 - SwingTradingEngine - INFO - 💾 Saved scan_date: 2026-06-04
2026-06-04 15:17:00,765 - SwingTradingEngine - DEBUG - Timing metadata persisted to disk
2026-06-04 23:22:02,406 - SwingTradingEngine - INFO - Swing trading loop stopped
2026-06-04 23:22:02,415 - SwingTradingEngine - INFO - Stopping engine...
2026-06-04 23:22:04,073 - SwingTradingEngine - INFO - Engine stopped
