2026-06-22 10:02:20,018 - SwingTradingEngine - INFO - Recovering session: permanent
2026-06-22 10:02:21,464 - SwingTradingEngine - INFO - Recovered session: {'session_id': 'permanent', 'start_time': '2026-05-13T19:24:20.890347+05:30', 'open_positions': 0, 'total_orders': 0, 'total_pnl': 279.6499999999994, 'closed_positions': 15, 'portfolio_snapshots': 26, 'capital_available': 10000, 'capital_used': 0}
2026-06-22 10:02:21,464 - SwingTradingEngine - INFO - Swing Trading Engine initialized – Session: permanent
2026-06-22 10:02:21,464 - SwingTradingEngine - INFO - Position refresh: 10:01
2026-06-22 10:02:21,464 - SwingTradingEngine - INFO - Signal scan: 10:03 (after DB update)
2026-06-22 10:02:21,464 - SwingTradingEngine - INFO - Starting live swing trading loop
2026-06-22 10:02:21,464 - SwingTradingEngine - INFO - 📅 Loaded timing metadata: position_refresh=2026-05-27, scan=2026-06-15
2026-06-22 10:02:21,464 - SwingTradingEngine - INFO - 🔄 Recovered timing state: Last position_refresh=2026-05-27, last_scan=2026-06-15
2026-06-22 10:02:21,464 - SwingTradingEngine - INFO - Market opened
2026-06-22 10:03:22,889 - SwingTradingEngine - INFO - ⏰ 3:13 PM – Database update & signal scan
2026-06-22 10:03:22,890 - SwingTradingEngine - INFO - 🔄 Running database updater...
2026-06-22 10:05:01,826 - SwingTradingEngine - INFO - ✅ Database update completed successfully
2026-06-22 10:05:01,827 - SwingTradingEngine - INFO - 🔍 3:13 PM – scanning for new signals...
2026-06-22 10:06:16,408 - SwingTradingEngine - INFO - Found 1 raw buy signals
2026-06-22 10:06:16,408 - SwingTradingEngine - INFO - ****** Selected [{'symbol': 'NSE:CLEAN-EQ', 'name': 'CLEAN SCIENCE & TECH LTD', 'open': 787.15, 'close': 840.7, 'sector': 'Chemicals', 'confidence': np.float64(0.2), 'sector_weight': 0, 'final_weight': 1.0}] signals for entry
2026-06-22 10:06:16,409 - SwingTradingEngine - INFO - Placing position: NSE:CLEAN-EQ | Entry: 840.70 | Qty: 11 | SL: 807.07 | TP: 907.96
2026-06-22 10:06:16,545 - SwingTradingEngine - ERROR - ✗ OCO placement failed for NSE:CLEAN-EQ: {'s': 'error', 'entry_order_id': None, 'entry_filled': False, 'gtt_placed': False, 'message': 'Entry order placement failed'}
2026-06-22 10:06:16,545 - SwingTradingEngine - INFO - 🎯 Scan result: {'success': True, 'signals_found': 1, 'positions_opened': 0}
2026-06-22 10:06:16,545 - SwingTradingEngine - INFO - 💾 Saved scan_date: 2026-06-22
2026-06-22 10:06:16,554 - SwingTradingEngine - DEBUG - Timing metadata persisted to disk
2026-06-22 13:05:42,310 - SwingTradingEngine - INFO - Swing trading loop stopped
2026-06-22 13:05:42,331 - SwingTradingEngine - INFO - Stopping engine...
2026-06-22 13:05:44,299 - SwingTradingEngine - INFO - Engine stopped
