2026-05-23 12:24:22,479 - SwingTradingEngine - INFO - Recovering session: permanent
2026-05-23 12:24:25,082 - SwingTradingEngine - INFO - Recovered session: {'session_id': 'permanent', 'start_time': '2026-05-13T19:24:20.890347+05:30', 'open_positions': 0, 'total_orders': 0, 'total_pnl': -13.0, 'closed_positions': 5, 'portfolio_snapshots': 10, 'capital_available': 10000, 'capital_used': 0}
2026-05-23 12:24:25,082 - SwingTradingEngine - INFO - Swing Trading Engine initialized – Session: permanent
2026-05-23 12:24:25,082 - SwingTradingEngine - INFO - Position refresh: 15:01
2026-05-23 12:24:25,082 - SwingTradingEngine - INFO - Signal scan: 15:07 (after DB update)
2026-05-23 12:24:25,082 - SwingTradingEngine - INFO - Starting live swing trading loop
2026-05-23 12:24:25,082 - SwingTradingEngine - INFO - 📅 Loaded timing metadata: position_refresh=2026-05-20, scan=2026-05-20
2026-05-23 12:24:25,082 - SwingTradingEngine - INFO - 🔄 Recovered timing state: Last position_refresh=2026-05-20, last_scan=2026-05-20
2026-05-23 12:24:25,082 - SwingTradingEngine - INFO - Market opened
2026-05-23 12:24:28,933 - SwingTradingEngine - INFO - Swing trading loop stopped
2026-05-23 12:24:28,933 - SwingTradingEngine - INFO - Stopping engine...
2026-05-23 12:24:31,090 - SwingTradingEngine - INFO - 🔍 3:13 PM – scanning for new signals...
2026-05-23 12:24:44,263 - SwingTradingEngine - INFO - Found 8 raw buy signals
2026-05-23 12:24:44,263 - SwingTradingEngine - INFO - ****** Selected [{'symbol': 'NSE:AIIL-EQ', 'name': 'AUTHUM INVEST & INFRA LTD', 'open': 499.6, 'close': 508.35, 'sector': 'Financial Services', 'confidence': np.float64(0.2), 'sector_weight': 0.3, 'final_weight': 0.35294117647058826}, {'symbol': 'NSE:BALKRISIND-EQ', 'name': 'BALKRISHNA IND. LTD', 'open': 2119.0, 'close': 2141.8, 'sector': 'Automobile and Auto Components', 'confidence': np.float64(0.2), 'sector_weight': 0.15, 'final_weight': 0.17647058823529413}, {'symbol': 'NSE:DIVISLAB-EQ', 'name': 'DIVI S LABORATORIES LTD', 'open': 6895.0, 'close': 6895.5, 'sector': 'Healthcare', 'confidence': np.float64(0.2), 'sector_weight': 0.2, 'final_weight': 0.23529411764705885}, {'symbol': 'NSE:GVT&D-EQ', 'name': 'GE VERNOVA T&D INDIA LTD', 'open': 4450.0, 'close': 4675.0, 'sector': 'Capital Goods', 'confidence': np.float64(0.4), 'sector_weight': 0.2, 'final_weight': 0.23529411764705885}, {'symbol': 'NSE:GRAVITA-EQ', 'name': 'GRAVITA INDIA LIMITED', 'open': 1750.0, 'close': 1777.0, 'sector': 'Metals & Mining', 'confidence': np.float64(0.4), 'sector_weight': 0, 'final_weight': 0.0}, {'symbol': 'NSE:GMRAIRPORT-EQ', 'name': 'GMR AIRPORTS LIMITED', 'open': 93.22, 'close': 94.59, 'sector': 'Services', 'confidence': np.float64(0.2), 'sector_weight': 0, 'final_weight': 0.0}] signals for entry
2026-05-23 12:24:44,264 - SwingTradingEngine - INFO - Placing position: NSE:AIIL-EQ | Entry: 508.35 | Qty: 19 | SL: 488.02 | TP: 549.02
2026-05-23 12:24:44,264 - SwingTradingEngine - INFO - Placing position: NSE:BALKRISIND-EQ | Entry: 2141.80 | Qty: 4 | SL: 2056.13 | TP: 2313.14
2026-05-23 12:24:44,264 - SwingTradingEngine - INFO - Placing position: NSE:DIVISLAB-EQ | Entry: 6895.50 | Qty: 1 | SL: 6619.68 | TP: 7447.14
2026-05-23 12:24:44,264 - SwingTradingEngine - INFO - Placing position: NSE:GVT&D-EQ | Entry: 4675.00 | Qty: 2 | SL: 4488.00 | TP: 5049.00
2026-05-23 12:24:44,264 - SwingTradingEngine - WARNING - Invalid weight for NSE:GRAVITA-EQ: 0.0
2026-05-23 12:24:44,264 - SwingTradingEngine - WARNING - Invalid weight for NSE:GMRAIRPORT-EQ: 0.0
