2026-07-16 01:34:35,653 - SwingTradingEngine - INFO - Recovering session: permanent
2026-07-16 01:34:37,073 - SwingTradingEngine - INFO - Recovered session: {'session_id': 'permanent', 'start_time': '2026-05-13T19:24:20.890347+05:30', 'open_positions': 0, 'total_orders': 0, 'total_pnl': 279.6499999999994, 'closed_positions': 19, 'portfolio_snapshots': 27, 'capital_available': 10000, 'capital_used': 0}
2026-07-16 01:34:37,073 - SwingTradingEngine - INFO - Swing Trading Engine initialized – Session: permanent
2026-07-16 01:34:37,073 - SwingTradingEngine - INFO - Position refresh: 10:01
2026-07-16 01:34:37,074 - SwingTradingEngine - INFO - Signal scan: 01:35 (after DB update)
2026-07-16 01:34:37,074 - SwingTradingEngine - INFO - Starting live swing trading loop
2026-07-16 01:34:37,074 - SwingTradingEngine - INFO - 📅 Loaded timing metadata: position_refresh=2026-05-27, scan=2026-06-22
2026-07-16 01:34:37,074 - SwingTradingEngine - INFO - 🔄 Recovered timing state: Last position_refresh=2026-05-27, last_scan=2026-06-22
2026-07-16 01:34:37,074 - SwingTradingEngine - INFO - Market opened
2026-07-16 01:35:09,251 - SwingTradingEngine - INFO - ⏰ 3:13 PM – Database update & signal scan
2026-07-16 01:35:09,251 - SwingTradingEngine - INFO - 🔄 Running database updater...
2026-07-16 01:37:15,301 - SwingTradingEngine - INFO - ✅ Database update completed successfully
2026-07-16 01:37:15,301 - SwingTradingEngine - INFO - 🔍 3:13 PM – scanning for new signals...
2026-07-16 01:38:51,036 - SwingTradingEngine - INFO - Found 15 raw buy signals
2026-07-16 01:38:51,037 - SwingTradingEngine - INFO - ****** Selected [{'symbol': 'NSE:ABB-EQ', 'name': 'ABB INDIA LIMITED', 'open': 6940.0, 'close': 7204.5, 'sector': 'Capital Goods', 'confidence': np.float64(0.2), 'sector_weight': 0.2, 'final_weight': 0.21052631578947367}, {'symbol': 'NSE:ANGELONE-EQ', 'name': 'ANGEL ONE LIMITED', 'open': 335.25, 'close': 343.4, 'sector': 'Financial Services', 'confidence': np.float64(0.2), 'sector_weight': 0.2, 'final_weight': 0.21052631578947367}, {'symbol': 'NSE:DALBHARAT-EQ', 'name': 'DALMIA BHARAT LIMITED', 'open': 1772.0, 'close': 1824.7, 'sector': 'Construction Materials', 'confidence': np.float64(0.2), 'sector_weight': 0.2, 'final_weight': 0.21052631578947367}, {'symbol': 'NSE:DIVISLAB-EQ', 'name': 'DIVI S LABORATORIES LTD', 'open': 7260.0, 'close': 7273.0, 'sector': 'Healthcare', 'confidence': np.float64(0.2), 'sector_weight': 0.2, 'final_weight': 0.21052631578947367}, {'symbol': 'NSE:ENDURANCE-EQ', 'name': 'ENDURANCE TECHNO. LTD.', 'open': 2700.0, 'close': 2746.2, 'sector': 'Automobile and Auto Components', 'confidence': np.float64(0.2), 'sector_weight': 0.15, 'final_weight': 0.15789473684210525}, {'symbol': 'NSE:DEEPAKNTR-EQ', 'name': 'DEEPAK NITRITE LTD', 'open': 1678.0, 'close': 1697.0, 'sector': 'Chemicals', 'confidence': np.float64(0.4), 'sector_weight': 0, 'final_weight': 0.0}, {'symbol': 'NSE:CENTURYPLY-EQ', 'name': 'CENTURY PLYBOARDS (I) LTD', 'open': 781.65, 'close': 795.6, 'sector': 'Consumer Durables', 'confidence': np.float64(0.2), 'sector_weight': 0, 'final_weight': 0.0}, {'symbol': 'NSE:CHENNPETRO-EQ', 'name': 'CHENNAI PETROLEUM CORP LT', 'open': 1116.0, 'close': 1157.2, 'sector': 'Oil Gas & Consumable Fuels', 'confidence': np.float64(0.2), 'sector_weight': 0, 'final_weight': 0.0}] signals for entry
2026-07-16 01:38:51,037 - SwingTradingEngine - WARNING - Cannot afford even 1 share of NSE:ABB-EQ  entry_price=7204.50 with alloc_cap=2105.26
2026-07-16 01:38:51,038 - SwingTradingEngine - INFO - Placing position: NSE:ANGELONE-EQ | Entry: 343.40 | Qty: 6 | SL: 329.66 | TP: 370.87
2026-07-16 01:38:51,088 - SwingTradingEngine - ERROR - ✗ OCO placement failed for NSE:ANGELONE-EQ: {'s': 'error', 'entry_order_id': None, 'entry_filled': False, 'gtt_placed': False, 'message': 'Entry order placement failed'}
2026-07-16 01:38:51,088 - SwingTradingEngine - INFO - Placing position: NSE:DALBHARAT-EQ | Entry: 1824.70 | Qty: 1 | SL: 1751.71 | TP: 1970.68
2026-07-16 01:38:51,139 - SwingTradingEngine - ERROR - ✗ OCO placement failed for NSE:DALBHARAT-EQ: {'s': 'error', 'entry_order_id': None, 'entry_filled': False, 'gtt_placed': False, 'message': 'Entry order placement failed'}
2026-07-16 01:38:51,140 - SwingTradingEngine - WARNING - Cannot afford even 1 share of NSE:DIVISLAB-EQ  entry_price=7273.00 with alloc_cap=2105.26
2026-07-16 01:38:51,140 - SwingTradingEngine - WARNING - Cannot afford even 1 share of NSE:ENDURANCE-EQ  entry_price=2746.20 with alloc_cap=1578.95
2026-07-16 01:38:51,140 - SwingTradingEngine - WARNING - Invalid weight for NSE:DEEPAKNTR-EQ: 0.0
2026-07-16 01:38:51,140 - SwingTradingEngine - WARNING - Invalid weight for NSE:CENTURYPLY-EQ: 0.0
2026-07-16 01:38:51,140 - SwingTradingEngine - WARNING - Invalid weight for NSE:CHENNPETRO-EQ: 0.0
2026-07-16 01:38:51,140 - SwingTradingEngine - INFO - 🎯 Scan result: {'success': True, 'signals_found': 15, 'positions_opened': 0}
2026-07-16 01:38:51,140 - SwingTradingEngine - INFO - 💾 Saved scan_date: 2026-07-16
2026-07-16 01:38:51,147 - SwingTradingEngine - DEBUG - Timing metadata persisted to disk
2026-07-16 10:01:15,172 - SwingTradingEngine - INFO - ⏰ Position refresh trigger (3:00 PM)
2026-07-16 10:01:15,182 - SwingTradingEngine - INFO - 📊 3:00 PM position refresh – syncing with broker...
2026-07-16 10:01:16,821 - SwingTradingEngine - INFO - Sync completed: {'timestamp': '2026-07-16T10:01:15.183072+05:30', 'positions': {'added': [], 'updated': [], 'closed_by_gtt': [], 'closed_manual': [], 'conflicts': []}, 'orders': {'filled': [], 'cancelled': [], 'pending': [], 'conflicts': []}, 'success': True, 'portfolio_snapshot': {'date': '2026-07-16', 'snapshot': {'date': '2026-07-16', 'holdings': [], 'closed_positions': [], 'updated_at': '2026-07-16T10:01:16.647114+05:30'}}, 'balance': {'success': True, 'balance': {'equity_available': 0, 'used_margin': 0, 'available_margin': 0, 'net_pnl': 0, 'total_realized_pnl': 0, 'total_unrealized_pnl': 0, 'timestamp': '2026-07-16T10:01:16.821409+05:30'}}}
2026-07-16 10:01:16,822 - SwingTradingEngine - INFO - 💾 Saved position_refresh_date: 2026-07-16
2026-07-16 10:01:16,825 - SwingTradingEngine - DEBUG - Timing metadata persisted to disk
2026-07-16 10:01:46,826 - SwingTradingEngine - INFO - ⏰ Position refresh trigger (3:00 PM)
2026-07-16 10:01:46,827 - SwingTradingEngine - INFO - 📊 3:00 PM position refresh – syncing with broker...
2026-07-16 10:01:49,032 - SwingTradingEngine - INFO - Sync completed: {'timestamp': '2026-07-16T10:01:46.827609+05:30', 'positions': {'added': [], 'updated': [], 'closed_by_gtt': [], 'closed_manual': [], 'conflicts': []}, 'orders': {'filled': [], 'cancelled': [], 'pending': [], 'conflicts': []}, 'success': True, 'portfolio_snapshot': {'date': '2026-07-16', 'snapshot': {'date': '2026-07-16', 'holdings': [], 'closed_positions': [], 'updated_at': '2026-07-16T10:01:48.634050+05:30'}}, 'balance': {'success': True, 'balance': {'equity_available': 0, 'used_margin': 0, 'available_margin': 0, 'net_pnl': 0, 'total_realized_pnl': 0, 'total_unrealized_pnl': 0, 'timestamp': '2026-07-16T10:01:49.032518+05:30'}}}
2026-07-16 10:01:49,033 - SwingTradingEngine - INFO - 💾 Saved position_refresh_date: 2026-07-16
2026-07-16 10:01:49,036 - SwingTradingEngine - DEBUG - Timing metadata persisted to disk
2026-07-16 20:32:50,911 - SwingTradingEngine - INFO - Swing trading loop stopped
2026-07-16 20:32:50,912 - SwingTradingEngine - INFO - Stopping engine...
2026-07-16 20:32:52,267 - SwingTradingEngine - INFO - Engine stopped
