2026-06-15 11:48:43,963 - SwingTradingEngine - INFO - Recovering session: permanent
2026-06-15 11:48:45,558 - SwingTradingEngine - INFO - Recovered session: {'session_id': 'permanent', 'start_time': '2026-05-13T19:24:20.890347+05:30', 'open_positions': 0, 'total_orders': 0, 'total_pnl': 279.6499999999994, 'closed_positions': 14, 'portfolio_snapshots': 24, 'capital_available': 10000, 'capital_used': 0}
2026-06-15 11:48:45,558 - SwingTradingEngine - INFO - Swing Trading Engine initialized – Session: permanent
2026-06-15 11:48:45,558 - SwingTradingEngine - INFO - Position refresh: 15:01
2026-06-15 11:48:45,558 - SwingTradingEngine - INFO - Signal scan: 15:14 (after DB update)
2026-06-15 11:48:45,558 - SwingTradingEngine - INFO - Starting live swing trading loop
2026-06-15 11:48:45,558 - SwingTradingEngine - INFO - 📅 Loaded timing metadata: position_refresh=2026-05-27, scan=2026-06-10
2026-06-15 11:48:45,558 - SwingTradingEngine - INFO - 🔄 Recovered timing state: Last position_refresh=2026-05-27, last_scan=2026-06-10
2026-06-15 11:48:45,558 - SwingTradingEngine - INFO - Market opened
2026-06-15 15:01:17,162 - SwingTradingEngine - INFO - ⏰ Position refresh trigger (3:00 PM)
2026-06-15 15:01:17,175 - SwingTradingEngine - INFO - 📊 3:00 PM position refresh – syncing with broker...
2026-06-15 15:01:18,877 - SwingTradingEngine - INFO - Sync completed: {'timestamp': '2026-06-15T15:01:17.176078+05:30', 'positions': {'added': [], 'updated': [], 'closed_by_gtt': [], 'closed_manual': [], 'conflicts': []}, 'orders': {'filled': [], 'cancelled': [], 'pending': [], 'conflicts': []}, 'success': True, 'portfolio_snapshot': {'date': '2026-06-15', 'snapshot': {'date': '2026-06-15', 'holdings': [{'symbol': 'NSE:ABSLAMC-EQ', 'normalized_symbol': 'ABSLAMC', 'quantity': 4, 'average_price': 1087.6, 'current_value': 4508.8, 'unrealized_pnl': 158.40000000000055, 'entry_time': None}, {'symbol': 'NSE:EIDPARRY-EQ', 'normalized_symbol': 'EIDPARRY', 'quantity': 3, 'average_price': 736.35, 'current_value': 2178.3, 'unrealized_pnl': -30.75, 'entry_time': None}, {'symbol': 'NSE:BBTC-EQ', 'normalized_symbol': 'BBTC', 'quantity': 2, 'average_price': 1529.6, 'current_value': 3062.0, 'unrealized_pnl': 2.800000000000182, 'entry_time': None}, {'symbol': 'NSE:BANKBARODA-EQ', 'normalized_symbol': 'BANKBARODA', 'quantity': 1, 'average_price': 266.55, 'current_value': 276.25, 'unrealized_pnl': 9.699999999999989, 'entry_time': None}, {'symbol': 'NSE:360ONE-EQ', 'normalized_symbol': '360ONE', 'quantity': 15, 'average_price': 1071.95, 'current_value': 16945.5, 'unrealized_pnl': 866.25, 'entry_time': None}, {'symbol': 'NSE:MEDANTA-EQ', 'normalized_symbol': 'MEDANTA', 'quantity': 4, 'average_price': 1240.4, 'current_value': 4888.4, 'unrealized_pnl': -73.20000000000073, 'entry_time': None}, {'symbol': 'NSE:ASTERDM-EQ', 'normalized_symbol': 'ASTERDM', 'quantity': 5, 'average_price': 799.47, 'current_value': 3946.5, 'unrealized_pnl': -50.850000000000364, 'entry_time': None}], 'closed_positions': [], 'updated_at': '2026-06-15T15:01:18.785809+05:30'}}, 'balance': {'success': True, 'balance': {'equity_available': 62490.54, 'used_margin': 0, 'available_margin': 62490.54, 'net_pnl': 0, 'total_realized_pnl': 0, 'total_unrealized_pnl': 0, 'timestamp': '2026-06-15T15:01:18.876862+05:30'}}}
2026-06-15 15:01:18,891 - SwingTradingEngine - ERROR - Loop error: strptime() argument 1 must be str, not None
2026-06-15 15:14:18,935 - SwingTradingEngine - INFO - ⏰ 3:13 PM – Database update & signal scan
2026-06-15 15:14:18,935 - SwingTradingEngine - INFO - 🔄 Running database updater...
2026-06-15 15:16:02,208 - SwingTradingEngine - INFO - ✅ Database update completed successfully
2026-06-15 15:16:02,209 - SwingTradingEngine - INFO - 🔍 3:13 PM – scanning for new signals...
2026-06-15 15:17:39,506 - SwingTradingEngine - INFO - Found 36 raw buy signals
2026-06-15 15:17:39,507 - SwingTradingEngine - INFO - ****** Selected [{'symbol': 'NSE:AADHARHFC-EQ', 'name': 'AADHAR HOUSING FINANCE L', 'open': 481.0, 'close': 489.75, 'sector': 'Financial Services', 'confidence': np.float64(0.4), 'sector_weight': 0.2, 'final_weight': 0.28571428571428575}, {'symbol': 'NSE:ELECON-EQ', 'name': 'ELECON ENG. CO. LTD', 'open': 542.5, 'close': 559.45, 'sector': 'Capital Goods', 'confidence': np.float64(0.4), 'sector_weight': 0.2, 'final_weight': 0.28571428571428575}, {'symbol': 'NSE:ALOKINDS-EQ', 'name': 'ALOK INDUSTRIES LIMITED', 'open': 12.45, 'close': 12.7, 'sector': 'Textiles', 'confidence': np.float64(0.2), 'sector_weight': 0.15, 'final_weight': 0.2142857142857143}, {'symbol': 'NSE:CEATLTD-EQ', 'name': 'CEAT LIMITED', 'open': 3420.0, 'close': 3455.5, 'sector': 'Automobile and Auto Components', 'confidence': np.float64(0.4), 'sector_weight': 0.15, 'final_weight': 0.2142857142857143}, {'symbol': 'NSE:ABREL-EQ', 'name': 'ADITYA BIRLA REAL EST LTD', 'open': 1229.0, 'close': 1240.0, 'sector': 'Forest Materials', 'confidence': np.float64(0.4), 'sector_weight': 0, 'final_weight': 0.0}, {'symbol': 'NSE:CYIENT-EQ', 'name': 'CYIENT LIMITED', 'open': 895.5, 'close': 896.85, 'sector': 'Information Technology', 'confidence': np.float64(0.4), 'sector_weight': 0.0, 'final_weight': 0.0}, {'symbol': 'NSE:CHALET-EQ', 'name': 'CHALET HOTELS LIMITED', 'open': 750.0, 'close': 750.65, 'sector': 'Consumer Services', 'confidence': np.float64(0.4), 'sector_weight': 0, 'final_weight': 0.0}, {'symbol': 'NSE:DELHIVERY-EQ', 'name': 'DELHIVERY LIMITED', 'open': 445.15, 'close': 453.65, 'sector': 'Services', 'confidence': np.float64(0.4), 'sector_weight': 0, 'final_weight': 0.0}] signals for entry
2026-06-15 15:17:39,507 - SwingTradingEngine - INFO - Placing position: NSE:AADHARHFC-EQ | Entry: 489.75 | Qty: 11 | SL: 470.16 | TP: 528.93
2026-06-15 15:17:39,643 - SwingTradingEngine - ERROR - ✗ OCO placement failed for NSE:AADHARHFC-EQ: {'s': 'error', 'entry_order_id': None, 'entry_filled': False, 'gtt_placed': False, 'message': 'Entry order placement failed'}
2026-06-15 15:17:39,643 - SwingTradingEngine - INFO - Placing position: NSE:ELECON-EQ | Entry: 559.45 | Qty: 10 | SL: 537.07 | TP: 604.21
2026-06-15 15:17:39,712 - SwingTradingEngine - ERROR - ✗ OCO placement failed for NSE:ELECON-EQ: {'s': 'error', 'entry_order_id': None, 'entry_filled': False, 'gtt_placed': False, 'message': 'Entry order placement failed'}
2026-06-15 15:17:39,712 - SwingTradingEngine - INFO - Placing position: NSE:ALOKINDS-EQ | Entry: 12.70 | Qty: 337 | SL: 12.19 | TP: 13.72
2026-06-15 15:17:39,781 - SwingTradingEngine - ERROR - ✗ OCO placement failed for NSE:ALOKINDS-EQ: {'s': 'error', 'entry_order_id': None, 'entry_filled': False, 'gtt_placed': False, 'message': 'Entry order placement failed'}
2026-06-15 15:17:39,781 - SwingTradingEngine - INFO - Placing position: NSE:CEATLTD-EQ | Entry: 3455.50 | Qty: 1 | SL: 3317.28 | TP: 3731.94
2026-06-15 15:17:39,852 - SwingTradingEngine - ERROR - ✗ OCO placement failed for NSE:CEATLTD-EQ: {'s': 'error', 'entry_order_id': None, 'entry_filled': False, 'gtt_placed': False, 'message': 'Entry order placement failed'}
2026-06-15 15:17:39,852 - SwingTradingEngine - WARNING - Invalid weight for NSE:ABREL-EQ: 0.0
2026-06-15 15:17:39,852 - SwingTradingEngine - WARNING - Invalid weight for NSE:CYIENT-EQ: 0.0
2026-06-15 15:17:39,852 - SwingTradingEngine - WARNING - Invalid weight for NSE:CHALET-EQ: 0.0
2026-06-15 15:17:39,852 - SwingTradingEngine - WARNING - Invalid weight for NSE:DELHIVERY-EQ: 0.0
2026-06-15 15:17:39,852 - SwingTradingEngine - INFO - 🎯 Scan result: {'success': True, 'signals_found': 36, 'positions_opened': 0}
2026-06-15 15:17:39,853 - SwingTradingEngine - INFO - 💾 Saved scan_date: 2026-06-15
2026-06-15 15:17:39,864 - SwingTradingEngine - DEBUG - Timing metadata persisted to disk
2026-06-16 10:09:13,673 - SwingTradingEngine - INFO - Swing trading loop stopped
2026-06-16 10:09:13,699 - SwingTradingEngine - INFO - Stopping engine...
2026-06-16 10:09:15,628 - SwingTradingEngine - INFO - Engine stopped
