2026-05-18 00:21:28,141 - SwingTradingEngine - INFO - Recovering session: permanent
2026-05-18 00:21:30,806 - SwingTradingEngine - INFO - Recovered session: {'session_id': 'permanent', 'start_time': '2026-05-13T19:24:20.890347+05:30', 'open_positions': 0, 'total_orders': 0, 'total_pnl': -13.0, 'closed_positions': 1, 'portfolio_snapshots': 5, 'capital_available': 10000, 'capital_used': 0}
2026-05-18 00:21:30,806 - SwingTradingEngine - INFO - Swing Trading Engine initialized – Session: permanent
2026-05-18 00:21:30,806 - SwingTradingEngine - INFO - Position refresh: 15:01
2026-05-18 00:21:30,806 - SwingTradingEngine - INFO - Signal scan: 15:07 (after DB update)
2026-05-18 00:21:30,807 - SwingTradingEngine - INFO - Starting live swing trading loop
2026-05-18 00:21:30,807 - SwingTradingEngine - INFO - 📅 Loaded timing metadata: position_refresh=2026-05-15, scan=2026-05-15
2026-05-18 00:21:30,807 - SwingTradingEngine - INFO - 🔄 Recovered timing state: Last position_refresh=2026-05-15, last_scan=2026-05-15
2026-05-18 00:21:36,319 - SwingTradingEngine - INFO - Swing trading loop stopped
2026-05-18 00:21:36,320 - SwingTradingEngine - INFO - Stopping engine...
2026-05-18 00:21:38,848 - SwingTradingEngine - INFO - Engine stopped
2026-05-18 00:21:52,779 - SwingTradingEngine - INFO - Recovering session: permanent
2026-05-18 00:21:55,295 - SwingTradingEngine - INFO - Recovered session: {'session_id': 'permanent', 'start_time': '2026-05-13T19:24:20.890347+05:30', 'open_positions': 0, 'total_orders': 0, 'total_pnl': -13.0, 'closed_positions': 1, 'portfolio_snapshots': 5, 'capital_available': 10000, 'capital_used': 0}
2026-05-18 00:21:55,295 - SwingTradingEngine - INFO - Swing Trading Engine initialized – Session: permanent
2026-05-18 00:21:55,295 - SwingTradingEngine - INFO - Position refresh: 15:01
2026-05-18 00:21:55,295 - SwingTradingEngine - INFO - Signal scan: 15:07 (after DB update)
2026-05-18 00:21:55,295 - SwingTradingEngine - INFO - Starting live swing trading loop
2026-05-18 00:21:55,295 - SwingTradingEngine - INFO - 📅 Loaded timing metadata: position_refresh=2026-05-15, scan=2026-05-15
2026-05-18 00:21:55,295 - SwingTradingEngine - INFO - 🔄 Recovered timing state: Last position_refresh=2026-05-15, last_scan=2026-05-15
2026-05-18 00:22:11,103 - SwingTradingEngine - INFO - Swing trading loop stopped
2026-05-18 00:22:11,103 - SwingTradingEngine - INFO - Stopping engine...
2026-05-18 00:22:14,296 - SwingTradingEngine - INFO - Engine stopped
