2026-05-23 12:28:40,230 - SwingTradingEngine - INFO - Recovering session: permanent
2026-05-23 12:28:43,041 - SwingTradingEngine - INFO - Recovered session: {'session_id': 'permanent', 'start_time': '2026-05-13T19:24:20.890347+05:30', 'open_positions': 0, 'total_orders': 0, 'total_pnl': -13.0, 'closed_positions': 5, 'portfolio_snapshots': 10, 'capital_available': 10000, 'capital_used': 0}
2026-05-23 12:28:43,041 - SwingTradingEngine - INFO - Swing Trading Engine initialized – Session: permanent
2026-05-23 12:28:43,041 - SwingTradingEngine - INFO - Position refresh: 15:01
2026-05-23 12:28:43,041 - SwingTradingEngine - INFO - Signal scan: 15:07 (after DB update)
2026-05-23 12:28:43,041 - SwingTradingEngine - INFO - Starting live swing trading loop
2026-05-23 12:28:43,041 - SwingTradingEngine - INFO - 📅 Loaded timing metadata: position_refresh=2026-05-20, scan=2026-05-20
2026-05-23 12:28:43,041 - SwingTradingEngine - INFO - 🔄 Recovered timing state: Last position_refresh=2026-05-20, last_scan=2026-05-20
2026-05-23 12:28:43,041 - SwingTradingEngine - INFO - Market opened
2026-05-23 12:28:48,444 - SwingTradingEngine - INFO - Swing trading loop stopped
2026-05-23 12:28:48,444 - SwingTradingEngine - INFO - Stopping engine...
2026-05-23 12:28:55,578 - SwingTradingEngine - INFO - 🔍 3:13 PM – scanning for new signals...
2026-05-23 12:29:09,200 - SwingTradingEngine - INFO - Found 8 raw buy signals
2026-05-23 12:29:09,201 - SwingTradingEngine - INFO - ****** Selected [{'symbol': 'NSE:AIIL-EQ', 'name': 'AUTHUM INVEST & INFRA LTD', 'open': 499.6, 'close': 508.35, 'sector': 'Financial Services', 'confidence': np.float64(0.2), 'sector_weight': 0.3, 'final_weight': 0.35294117647058826}, {'symbol': 'NSE:BALKRISIND-EQ', 'name': 'BALKRISHNA IND. LTD', 'open': 2119.0, 'close': 2141.8, 'sector': 'Automobile and Auto Components', 'confidence': np.float64(0.2), 'sector_weight': 0.15, 'final_weight': 0.17647058823529413}, {'symbol': 'NSE:DIVISLAB-EQ', 'name': 'DIVI S LABORATORIES LTD', 'open': 6895.0, 'close': 6895.5, 'sector': 'Healthcare', 'confidence': np.float64(0.2), 'sector_weight': 0.2, 'final_weight': 0.23529411764705885}, {'symbol': 'NSE:GVT&D-EQ', 'name': 'GE VERNOVA T&D INDIA LTD', 'open': 4450.0, 'close': 4675.0, 'sector': 'Capital Goods', 'confidence': np.float64(0.4), 'sector_weight': 0.2, 'final_weight': 0.23529411764705885}, {'symbol': 'NSE:GRAVITA-EQ', 'name': 'GRAVITA INDIA LIMITED', 'open': 1750.0, 'close': 1777.0, 'sector': 'Metals & Mining', 'confidence': np.float64(0.4), 'sector_weight': 0, 'final_weight': 0.0}, {'symbol': 'NSE:GMRAIRPORT-EQ', 'name': 'GMR AIRPORTS LIMITED', 'open': 93.22, 'close': 94.59, 'sector': 'Services', 'confidence': np.float64(0.2), 'sector_weight': 0, 'final_weight': 0.0}] signals for entry
2026-05-23 12:29:09,201 - SwingTradingEngine - INFO - Placing position: NSE:AIIL-EQ | Entry: 508.35 | Qty: 69 | SL: 488.02 | TP: 549.02
2026-05-23 12:29:09,201 - SwingTradingEngine - INFO - Placing position: NSE:BALKRISIND-EQ | Entry: 2141.80 | Qty: 8 | SL: 2056.13 | TP: 2313.14
2026-05-23 12:29:09,201 - SwingTradingEngine - INFO - Placing position: NSE:DIVISLAB-EQ | Entry: 6895.50 | Qty: 3 | SL: 6619.68 | TP: 7447.14
2026-05-23 12:29:09,201 - SwingTradingEngine - INFO - Placing position: NSE:GVT&D-EQ | Entry: 4675.00 | Qty: 5 | SL: 4488.00 | TP: 5049.00
2026-05-23 12:29:09,201 - SwingTradingEngine - WARNING - Invalid weight for NSE:GRAVITA-EQ: 0.0
2026-05-23 12:29:09,201 - SwingTradingEngine - WARNING - Invalid weight for NSE:GMRAIRPORT-EQ: 0.0
2026-05-23 23:09:01,737 - SwingTradingEngine - INFO - 📊 3:00 PM position refresh – syncing with broker...
2026-05-23 23:09:04,531 - SwingTradingEngine - INFO - Sync completed: {'timestamp': '2026-05-23T23:09:01.744857+05:30', 'positions': {'added': [], 'updated': [], 'closed_by_gtt': [], 'closed_manual': [], 'conflicts': []}, 'orders': {'filled': [], 'cancelled': [], 'pending': [], 'conflicts': []}, 'success': True, 'portfolio_snapshot': {'date': '2026-05-23', 'snapshot': {'date': '2026-05-23', 'holdings': [{'symbol': 'NSE:BIKAJI-EQ', 'quantity': 4, 'average_price': 676.3, 'current_value': 2612.8, 'unrealized_pnl': -92.39999999999964, 'entry_time': None}, {'symbol': 'NSE:ASHOKLEY-EQ', 'quantity': 12, 'average_price': 154.35, 'current_value': 1898.52, 'unrealized_pnl': 46.320000000000164, 'entry_time': None}, {'symbol': 'NSE:CHALET-EQ', 'quantity': 6, 'average_price': 784.35, 'current_value': 4770.299999999999, 'unrealized_pnl': 64.19999999999959, 'entry_time': None}, {'symbol': 'NSE:BANKBARODA-EQ', 'quantity': 1, 'average_price': 266.55, 'current_value': 265.4, 'unrealized_pnl': -1.150000000000034, 'entry_time': None}, {'symbol': 'NSE:MEDANTA-EQ', 'quantity': 4, 'average_price': 1234.05, 'current_value': 4952.4, 'unrealized_pnl': 16.199999999999818, 'entry_time': None}, {'symbol': 'NSE:CHAMBLFERT-EQ', 'quantity': 11, 'average_price': 445.95, 'current_value': 5001.7, 'unrealized_pnl': 96.25, 'entry_time': None}, {'symbol': 'NSE:CROMPTON-EQ', 'quantity': 17, 'average_price': 301.8, 'current_value': 5010.75, 'unrealized_pnl': -119.8500000000002, 'entry_time': None}, {'symbol': 'NSE:BERGEPAINT-EQ', 'quantity': 9, 'average_price': 530.7, 'current_value': 4510.349999999999, 'unrealized_pnl': -265.9500000000006, 'entry_time': None}, {'symbol': 'NSE:BHARTIARTL-EQ', 'quantity': 2, 'average_price': 1907.7, 'current_value': 3742.8, 'unrealized_pnl': -72.59999999999991, 'entry_time': None}], 'closed_positions': [], 'updated_at': '2026-05-23T23:09:04.461729+05:30'}}, 'balance': {'success': True, 'balance': {'equity_available': 16448.37, 'used_margin': 0, 'available_margin': 16448.37, 'net_pnl': 0, 'total_realized_pnl': 0, 'total_unrealized_pnl': 0, 'timestamp': '2026-05-23T23:09:04.530934+05:30'}}}
