2026-05-22 18:51:46,850 - SwingTradingEngine - INFO - Recovering session: permanent
2026-05-22 18:51:49,242 - SwingTradingEngine - INFO - Recovered session: {'session_id': 'permanent', 'start_time': '2026-05-13T19:24:20.890347+05:30', 'open_positions': 1, 'total_orders': 0, 'total_pnl': -13.0, 'closed_positions': 5, 'portfolio_snapshots': 9, 'capital_available': 10000, 'capital_used': 0}
2026-05-22 18:51:49,242 - SwingTradingEngine - INFO - Swing Trading Engine initialized – Session: permanent
2026-05-22 18:51:49,242 - SwingTradingEngine - INFO - Position refresh: 15:01
2026-05-22 18:51:49,242 - SwingTradingEngine - INFO - Signal scan: 15:07 (after DB update)
2026-05-22 18:51:49,242 - SwingTradingEngine - INFO - Starting live swing trading loop
2026-05-22 18:51:49,242 - SwingTradingEngine - INFO - 📅 Loaded timing metadata: position_refresh=2026-05-20, scan=2026-05-20
2026-05-22 18:51:49,242 - SwingTradingEngine - INFO - 🔄 Recovered timing state: Last position_refresh=2026-05-20, last_scan=2026-05-20
2026-05-22 18:51:52,426 - SwingTradingEngine - INFO - Swing trading loop stopped
2026-05-22 18:51:52,426 - SwingTradingEngine - INFO - Stopping engine...
2026-05-22 18:51:54,756 - SwingTradingEngine - INFO - Engine stopped
2026-05-23 11:38:51,440 - SwingTradingEngine - INFO - Recovering session: permanent
2026-05-23 11:38:54,119 - SwingTradingEngine - INFO - Recovered session: {'session_id': 'permanent', 'start_time': '2026-05-13T19:24:20.890347+05:30', 'open_positions': 0, 'total_orders': 0, 'total_pnl': -13.0, 'closed_positions': 5, 'portfolio_snapshots': 10, 'capital_available': 10000, 'capital_used': 0}
2026-05-23 11:38:54,119 - SwingTradingEngine - INFO - Swing Trading Engine initialized – Session: permanent
2026-05-23 11:38:54,119 - SwingTradingEngine - INFO - Position refresh: 15:01
2026-05-23 11:38:54,119 - SwingTradingEngine - INFO - Signal scan: 15:07 (after DB update)
2026-05-23 11:38:54,119 - SwingTradingEngine - INFO - Starting live swing trading loop
2026-05-23 11:38:54,119 - SwingTradingEngine - INFO - 📅 Loaded timing metadata: position_refresh=2026-05-20, scan=2026-05-20
2026-05-23 11:38:54,119 - SwingTradingEngine - INFO - 🔄 Recovered timing state: Last position_refresh=2026-05-20, last_scan=2026-05-20
2026-05-23 11:38:57,418 - SwingTradingEngine - INFO - Swing trading loop stopped
2026-05-23 11:38:57,418 - SwingTradingEngine - INFO - Stopping engine...
