2026-06-02 15:13:14,826 - SwingTradingEngine - INFO - Recovering session: permanent
2026-06-02 15:13:17,273 - SwingTradingEngine - INFO - Recovered session: {'session_id': 'permanent', 'start_time': '2026-05-13T19:24:20.890347+05:30', 'open_positions': 2, 'total_orders': 0, 'total_pnl': -15.600000000000364, 'closed_positions': 12, 'portfolio_snapshots': 17, 'capital_available': 10000, 'capital_used': 0}
2026-06-02 15:13:17,273 - SwingTradingEngine - INFO - Swing Trading Engine initialized – Session: permanent
2026-06-02 15:13:17,273 - SwingTradingEngine - INFO - Position refresh: 15:01
2026-06-02 15:13:17,273 - SwingTradingEngine - INFO - Signal scan: 15:14 (after DB update)
2026-06-02 15:13:17,273 - SwingTradingEngine - INFO - Starting live swing trading loop
2026-06-02 15:13:17,273 - SwingTradingEngine - INFO - 📅 Loaded timing metadata: position_refresh=2026-05-27, scan=2026-05-27
2026-06-02 15:13:17,273 - SwingTradingEngine - INFO - 🔄 Recovered timing state: Last position_refresh=2026-05-27, last_scan=2026-05-27
2026-06-02 15:13:17,273 - SwingTradingEngine - INFO - Market opened
2026-06-02 15:14:19,773 - SwingTradingEngine - INFO - ⏰ 3:13 PM – Database update & signal scan
2026-06-02 15:14:19,773 - SwingTradingEngine - INFO - 🔄 Running database updater...
2026-06-02 15:16:03,725 - SwingTradingEngine - INFO - ✅ Database update completed successfully
2026-06-02 15:16:03,725 - SwingTradingEngine - INFO - 🔍 3:13 PM – scanning for new signals...
2026-06-02 15:18:35,672 - SwingTradingEngine - INFO - Found 8 raw buy signals
2026-06-02 15:18:35,673 - SwingTradingEngine - INFO - ****** Selected [{'symbol': 'NSE:360ONE-EQ', 'name': '360 ONE WAM LIMITED', 'open': 1070.0, 'close': 1090.4, 'sector': 'Financial Services', 'confidence': np.float64(0.2), 'sector_weight': 0.3, 'final_weight': 0.6}, {'symbol': 'NSE:CONCORDBIO-EQ', 'name': 'CONCORD BIOTECH LIMITED', 'open': 1076.8, 'close': 1161.8, 'sector': 'Healthcare', 'confidence': np.float64(0.4), 'sector_weight': 0.2, 'final_weight': 0.4}, {'symbol': 'NSE:COFORGE-EQ', 'name': 'COFORGE LIMITED', 'open': 1472.2, 'close': 1522.8, 'sector': 'Information Technology', 'confidence': np.float64(0.4), 'sector_weight': 0.0, 'final_weight': 0.0}, {'symbol': 'NSE:ALKYLAMINE-EQ', 'name': 'ALKYL AMINES CHEM. LTD', 'open': 1581.3, 'close': 1776.7, 'sector': 'Chemicals', 'confidence': np.float64(0.2), 'sector_weight': 0, 'final_weight': 0.0}] signals for entry
2026-06-02 15:18:35,673 - SwingTradingEngine - INFO - Placing position: NSE:360ONE-EQ | Entry: 1090.40 | Qty: 11 | SL: 1046.78 | TP: 1177.63
2026-06-02 15:18:35,890 - SwingTradingEngine - INFO - ✅ Entry filled + GTT placed
2026-06-02 15:18:35,892 - SwingTradingEngine - INFO - ✅ Position opened: NSE:360ONE-EQ | Cap: 11994.40 | SL: 1046.78 | TP: 1177.63
2026-06-02 15:18:35,892 - SwingTradingEngine - INFO - Placing position: NSE:CONCORDBIO-EQ | Entry: 1161.80 | Qty: 6 | SL: 1115.33 | TP: 1254.74
2026-06-02 15:18:36,064 - SwingTradingEngine - INFO - ✅ Entry filled + GTT placed
2026-06-02 15:18:36,067 - SwingTradingEngine - INFO - ✅ Position opened: NSE:CONCORDBIO-EQ | Cap: 6970.80 | SL: 1115.33 | TP: 1254.74
2026-06-02 15:18:36,067 - SwingTradingEngine - WARNING - Invalid weight for NSE:COFORGE-EQ: 0.0
2026-06-02 15:18:36,067 - SwingTradingEngine - WARNING - Invalid weight for NSE:ALKYLAMINE-EQ: 0.0
2026-06-02 15:18:36,067 - SwingTradingEngine - INFO - 🎯 Scan result: {'success': True, 'signals_found': 8, 'positions_opened': 2}
2026-06-02 15:18:36,067 - SwingTradingEngine - INFO - 💾 Saved scan_date: 2026-06-02
2026-06-02 15:18:36,077 - SwingTradingEngine - DEBUG - Timing metadata persisted to disk
2026-06-02 15:48:54,960 - SwingTradingEngine - INFO - Swing trading loop stopped
2026-06-02 15:48:54,960 - SwingTradingEngine - INFO - Stopping engine...
2026-06-02 15:48:57,402 - SwingTradingEngine - INFO - Engine stopped
