2026-05-19 11:55:24,913 - SwingTradingEngine - INFO - Recovering session: permanent
2026-05-19 11:55:27,332 - SwingTradingEngine - INFO - Recovered session: {'session_id': 'permanent', 'start_time': '2026-05-13T19:24:20.890347+05:30', 'open_positions': 0, 'total_orders': 0, 'total_pnl': -13.0, 'closed_positions': 3, 'portfolio_snapshots': 6, 'capital_available': 10000, 'capital_used': 0}
2026-05-19 11:55:27,333 - SwingTradingEngine - INFO - Swing Trading Engine initialized – Session: permanent
2026-05-19 11:55:27,333 - SwingTradingEngine - INFO - Position refresh: 15:01
2026-05-19 11:55:27,333 - SwingTradingEngine - INFO - Signal scan: 15:07 (after DB update)
2026-05-19 11:55:27,333 - SwingTradingEngine - INFO - Starting live swing trading loop
2026-05-19 11:55:27,333 - SwingTradingEngine - INFO - 📅 Loaded timing metadata: position_refresh=2026-05-15, scan=2026-05-15
2026-05-19 11:55:27,333 - SwingTradingEngine - INFO - 🔄 Recovered timing state: Last position_refresh=2026-05-15, last_scan=2026-05-15
2026-05-19 11:55:27,333 - SwingTradingEngine - INFO - Market opened
2026-05-19 11:55:30,544 - SwingTradingEngine - INFO - Swing trading loop stopped
2026-05-19 11:55:30,544 - SwingTradingEngine - INFO - Stopping engine...
2026-05-19 11:55:32,921 - SwingTradingEngine - INFO - Engine stopped
2026-05-19 23:35:06,742 - SwingTradingEngine - INFO - Recovering session: permanent
2026-05-19 23:35:09,412 - SwingTradingEngine - INFO - Recovered session: {'session_id': 'permanent', 'start_time': '2026-05-13T19:24:20.890347+05:30', 'open_positions': 0, 'total_orders': 0, 'total_pnl': -13.0, 'closed_positions': 3, 'portfolio_snapshots': 6, 'capital_available': 10000, 'capital_used': 0}
2026-05-19 23:35:09,413 - SwingTradingEngine - INFO - Swing Trading Engine initialized – Session: permanent
2026-05-19 23:35:09,413 - SwingTradingEngine - INFO - Position refresh: 15:01
2026-05-19 23:35:09,413 - SwingTradingEngine - INFO - Signal scan: 15:07 (after DB update)
2026-05-19 23:35:09,413 - SwingTradingEngine - INFO - Starting live swing trading loop
2026-05-19 23:35:09,413 - SwingTradingEngine - INFO - 📅 Loaded timing metadata: position_refresh=2026-05-15, scan=2026-05-15
2026-05-19 23:35:09,413 - SwingTradingEngine - INFO - 🔄 Recovered timing state: Last position_refresh=2026-05-15, last_scan=2026-05-15
2026-05-19 23:35:12,990 - SwingTradingEngine - INFO - Swing trading loop stopped
2026-05-19 23:35:12,991 - SwingTradingEngine - INFO - Stopping engine...
2026-05-19 23:35:15,354 - SwingTradingEngine - INFO - Engine stopped
2026-05-20 10:15:41,867 - SwingTradingEngine - INFO - Recovering session: permanent
2026-05-20 10:15:44,253 - SwingTradingEngine - INFO - Recovered session: {'session_id': 'permanent', 'start_time': '2026-05-13T19:24:20.890347+05:30', 'open_positions': 0, 'total_orders': 0, 'total_pnl': -13.0, 'closed_positions': 3, 'portfolio_snapshots': 7, 'capital_available': 10000, 'capital_used': 0}
2026-05-20 10:15:44,254 - SwingTradingEngine - INFO - Swing Trading Engine initialized – Session: permanent
2026-05-20 10:15:44,254 - SwingTradingEngine - INFO - Position refresh: 15:01
2026-05-20 10:15:44,254 - SwingTradingEngine - INFO - Signal scan: 15:07 (after DB update)
2026-05-20 10:15:44,254 - SwingTradingEngine - INFO - Starting live swing trading loop
2026-05-20 10:15:44,254 - SwingTradingEngine - INFO - 📅 Loaded timing metadata: position_refresh=2026-05-15, scan=2026-05-15
2026-05-20 10:15:44,254 - SwingTradingEngine - INFO - 🔄 Recovered timing state: Last position_refresh=2026-05-15, last_scan=2026-05-15
2026-05-20 10:15:44,255 - SwingTradingEngine - INFO - Market opened
2026-05-20 10:15:47,351 - SwingTradingEngine - INFO - Swing trading loop stopped
2026-05-20 10:15:47,360 - SwingTradingEngine - INFO - Stopping engine...
