2026-05-20 10:15:56,973 - SwingTradingEngine - INFO - Recovering session: permanent
2026-05-20 10:15:59,384 - SwingTradingEngine - INFO - Recovered session: {'session_id': 'permanent', 'start_time': '2026-05-13T19:24:20.890347+05:30', 'open_positions': 0, 'total_orders': 0, 'total_pnl': -13.0, 'closed_positions': 3, 'portfolio_snapshots': 7, 'capital_available': 10000, 'capital_used': 0}
2026-05-20 10:15:59,384 - SwingTradingEngine - INFO - Swing Trading Engine initialized – Session: permanent
2026-05-20 10:15:59,384 - SwingTradingEngine - INFO - Position refresh: 15:01
2026-05-20 10:15:59,385 - SwingTradingEngine - INFO - Signal scan: 15:07 (after DB update)
2026-05-20 10:15:59,385 - SwingTradingEngine - INFO - Starting live swing trading loop
2026-05-20 10:15:59,385 - SwingTradingEngine - INFO - 📅 Loaded timing metadata: position_refresh=2026-05-15, scan=2026-05-15
2026-05-20 10:15:59,385 - SwingTradingEngine - INFO - 🔄 Recovered timing state: Last position_refresh=2026-05-15, last_scan=2026-05-15
2026-05-20 10:15:59,385 - SwingTradingEngine - INFO - Market opened
2026-05-20 15:01:01,975 - SwingTradingEngine - INFO - ⏰ Position refresh trigger (3:00 PM)
2026-05-20 15:01:01,975 - SwingTradingEngine - INFO - 📊 3:00 PM position refresh – syncing with broker...
2026-05-20 15:01:04,463 - SwingTradingEngine - INFO - Sync completed: {'timestamp': '2026-05-20T15:01:01.975974+05:30', 'positions': {'added': [], 'updated': [], 'closed_by_gtt': [], 'closed_manual': [], 'conflicts': []}, 'orders': {'filled': [], 'cancelled': [], 'pending': [], 'conflicts': []}, 'success': True, 'portfolio_snapshot': {'date': '2026-05-20', 'snapshot': {'date': '2026-05-20', 'holdings': [{'symbol': 'NSE:CHALET-EQ', 'quantity': 6, 'average_price': 784.35, 'current_value': 4800.6, 'unrealized_pnl': 94.5, 'entry_time': None}, {'symbol': 'NSE:BERGEPAINT-EQ', 'quantity': 9, 'average_price': 530.7, 'current_value': 4570.2, 'unrealized_pnl': -206.1000000000003, 'entry_time': None}, {'symbol': 'NSE:CHAMBLFERT-EQ', 'quantity': 11, 'average_price': 445.95, 'current_value': 4881.25, 'unrealized_pnl': -24.199999999999875, 'entry_time': None}, {'symbol': 'NSE:ASHOKLEY-EQ', 'quantity': 12, 'average_price': 154.35, 'current_value': 1834.56, 'unrealized_pnl': -17.639999999999986, 'entry_time': None}, {'symbol': 'NSE:CROMPTON-EQ', 'quantity': 17, 'average_price': 301.8, 'current_value': 4931.700000000001, 'unrealized_pnl': -198.8999999999998, 'entry_time': None}, {'symbol': 'NSE:BANKBARODA-EQ', 'quantity': 1, 'average_price': 266.55, 'current_value': 263.05, 'unrealized_pnl': -3.5, 'entry_time': None}, {'symbol': 'NSE:MEDANTA-EQ', 'quantity': 4, 'average_price': 1234.05, 'current_value': 4968.0, 'unrealized_pnl': 31.800000000000182, 'entry_time': None}, {'symbol': 'NSE:BHARTIARTL-EQ', 'quantity': 2, 'average_price': 1907.7, 'current_value': 3806.8, 'unrealized_pnl': -8.599999999999909, 'entry_time': None}, {'symbol': 'NSE:ENDURANCE-EQ', 'quantity': 1, 'average_price': 2563.6, 'current_value': 2550.0, 'unrealized_pnl': -13.599999999999909, 'entry_time': None}, {'symbol': 'NSE:BIKAJI-EQ', 'quantity': 4, 'average_price': 676.3, 'current_value': 2691.2, 'unrealized_pnl': -14.0, 'entry_time': None}, {'symbol': 'NSE:AIIL-EQ', 'quantity': 6, 'average_price': 504.7, 'current_value': 3036.0, 'unrealized_pnl': 7.800000000000068, 'entry_time': None}], 'closed_positions': [], 'updated_at': '2026-05-20T15:01:04.400839+05:30'}}, 'balance': {'success': True, 'balance': {'equity_available': 10617.03, 'used_margin': 0, 'available_margin': 10617.03, 'net_pnl': 0, 'total_realized_pnl': 0, 'total_unrealized_pnl': 0, 'timestamp': '2026-05-20T15:01:04.462950+05:30'}}}
2026-05-20 15:01:04,463 - SwingTradingEngine - INFO - 💾 Saved position_refresh_date: 2026-05-20
2026-05-20 15:01:04,465 - SwingTradingEngine - DEBUG - Timing metadata persisted to disk
2026-05-20 15:01:34,465 - SwingTradingEngine - INFO - ⏰ Position refresh trigger (3:00 PM)
2026-05-20 15:01:34,465 - SwingTradingEngine - INFO - 📊 3:00 PM position refresh – syncing with broker...
2026-05-20 15:01:36,842 - SwingTradingEngine - INFO - Sync completed: {'timestamp': '2026-05-20T15:01:34.465785+05:30', 'positions': {'added': [], 'updated': [], 'closed_by_gtt': [], 'closed_manual': [], 'conflicts': []}, 'orders': {'filled': [], 'cancelled': [], 'pending': [], 'conflicts': []}, 'success': True, 'portfolio_snapshot': {'date': '2026-05-20', 'snapshot': {'date': '2026-05-20', 'holdings': [{'symbol': 'NSE:ENDURANCE-EQ', 'quantity': 1, 'average_price': 2563.6, 'current_value': 2550.5, 'unrealized_pnl': -13.099999999999909, 'entry_time': None}, {'symbol': 'NSE:BIKAJI-EQ', 'quantity': 4, 'average_price': 676.3, 'current_value': 2694.0, 'unrealized_pnl': -11.199999999999818, 'entry_time': None}, {'symbol': 'NSE:CHAMBLFERT-EQ', 'quantity': 11, 'average_price': 445.95, 'current_value': 4879.05, 'unrealized_pnl': -26.39999999999975, 'entry_time': None}, {'symbol': 'NSE:AIIL-EQ', 'quantity': 6, 'average_price': 504.7, 'current_value': 3036.0, 'unrealized_pnl': 7.800000000000068, 'entry_time': None}, {'symbol': 'NSE:CHALET-EQ', 'quantity': 6, 'average_price': 784.35, 'current_value': 4799.1, 'unrealized_pnl': 93.0, 'entry_time': None}, {'symbol': 'NSE:BERGEPAINT-EQ', 'quantity': 9, 'average_price': 530.7, 'current_value': 4566.150000000001, 'unrealized_pnl': -210.1500000000002, 'entry_time': None}, {'symbol': 'NSE:CROMPTON-EQ', 'quantity': 17, 'average_price': 301.8, 'current_value': 4933.4, 'unrealized_pnl': -197.2000000000004, 'entry_time': None}, {'symbol': 'NSE:MEDANTA-EQ', 'quantity': 4, 'average_price': 1234.05, 'current_value': 4969.6, 'unrealized_pnl': 33.400000000000546, 'entry_time': None}, {'symbol': 'NSE:BHARTIARTL-EQ', 'quantity': 2, 'average_price': 1907.7, 'current_value': 3807.4, 'unrealized_pnl': -8.0, 'entry_time': None}, {'symbol': 'NSE:ASHOKLEY-EQ', 'quantity': 12, 'average_price': 154.35, 'current_value': 1837.3200000000002, 'unrealized_pnl': -14.879999999999768, 'entry_time': None}, {'symbol': 'NSE:BANKBARODA-EQ', 'quantity': 1, 'average_price': 266.55, 'current_value': 263.25, 'unrealized_pnl': -3.3000000000000114, 'entry_time': None}], 'closed_positions': [], 'updated_at': '2026-05-20T15:01:36.787736+05:30'}}, 'balance': {'success': True, 'balance': {'equity_available': 10617.03, 'used_margin': 0, 'available_margin': 10617.03, 'net_pnl': 0, 'total_realized_pnl': 0, 'total_unrealized_pnl': 0, 'timestamp': '2026-05-20T15:01:36.842192+05:30'}}}
2026-05-20 15:01:36,843 - SwingTradingEngine - INFO - 💾 Saved position_refresh_date: 2026-05-20
2026-05-20 15:01:36,844 - SwingTradingEngine - DEBUG - Timing metadata persisted to disk
2026-05-20 15:07:06,848 - SwingTradingEngine - INFO - ⏰ 3:13 PM – Database update & signal scan
2026-05-20 15:07:06,848 - SwingTradingEngine - INFO - 🔄 Running database updater...
2026-05-20 15:08:44,753 - SwingTradingEngine - INFO - ✅ Database update completed successfully
2026-05-20 15:08:44,753 - SwingTradingEngine - INFO - 🔍 3:13 PM – scanning for new signals...
2026-05-20 15:09:36,313 - SwingTradingEngine - INFO - Found 8 raw buy signals
2026-05-20 15:09:36,313 - SwingTradingEngine - INFO - Selected 5 signals for entry
2026-05-20 15:09:36,314 - SwingTradingEngine - INFO - Placing position: NSE:AIIL-EQ | Entry: 508.35 | Qty: 6 | SL: 488.02 | TP: 549.02
2026-05-20 15:09:36,593 - SwingTradingEngine - ERROR - ✗ OCO placement failed for NSE:AIIL-EQ: {'s': 'error', 'entry_order_id': None, 'entry_filled': False, 'gtt_placed': False, 'message': 'Entry order placement failed'}
2026-05-20 15:09:36,593 - SwingTradingEngine - WARNING - Cannot afford 1 share of NSE:BALKRISIND-EQ
2026-05-20 15:09:36,593 - SwingTradingEngine - WARNING - Cannot afford 1 share of NSE:DIVISLAB-EQ
2026-05-20 15:09:36,593 - SwingTradingEngine - WARNING - Cannot afford 1 share of NSE:GVT&D-EQ
2026-05-20 15:09:36,593 - SwingTradingEngine - INFO - Placing position: NSE:GMRAIRPORT-EQ | Entry: 94.59 | Qty: 52 | SL: 90.81 | TP: 102.16
2026-05-20 15:09:36,744 - SwingTradingEngine - ERROR - ✗ OCO placement failed for NSE:GMRAIRPORT-EQ: {'s': 'error', 'entry_order_id': None, 'entry_filled': False, 'gtt_placed': False, 'message': 'Entry order placement failed'}
2026-05-20 15:09:36,744 - SwingTradingEngine - INFO - 🎯 Scan result: {'success': True, 'signals_found': 8, 'positions_opened': 0}
2026-05-20 15:09:36,744 - SwingTradingEngine - INFO - 💾 Saved scan_date: 2026-05-20
2026-05-20 15:09:36,745 - SwingTradingEngine - DEBUG - Timing metadata persisted to disk
2026-05-20 15:30:06,764 - SwingTradingEngine - INFO - Market closed
2026-05-21 00:45:43,610 - SwingTradingEngine - INFO - Swing trading loop stopped
2026-05-21 00:45:43,632 - SwingTradingEngine - INFO - Stopping engine...
