2026-06-10 11:17:42,668 - SwingTradingEngine - INFO - Recovering session: permanent
2026-06-10 11:17:45,137 - SwingTradingEngine - INFO - Recovered session: {'session_id': 'permanent', 'start_time': '2026-05-13T19:24:20.890347+05:30', 'open_positions': 0, 'total_orders': 0, 'total_pnl': 279.6499999999994, 'closed_positions': 14, 'portfolio_snapshots': 23, 'capital_available': 10000, 'capital_used': 0}
2026-06-10 11:17:45,137 - SwingTradingEngine - INFO - Swing Trading Engine initialized – Session: permanent
2026-06-10 11:17:45,137 - SwingTradingEngine - INFO - Position refresh: 15:01
2026-06-10 11:17:45,137 - SwingTradingEngine - INFO - Signal scan: 15:14 (after DB update)
2026-06-10 11:17:45,137 - SwingTradingEngine - INFO - Starting live swing trading loop
2026-06-10 11:17:45,138 - SwingTradingEngine - INFO - 📅 Loaded timing metadata: position_refresh=2026-05-27, scan=2026-06-09
2026-06-10 11:17:45,138 - SwingTradingEngine - INFO - 🔄 Recovered timing state: Last position_refresh=2026-05-27, last_scan=2026-06-09
2026-06-10 11:17:45,138 - SwingTradingEngine - INFO - Market opened
2026-06-10 15:01:17,630 - SwingTradingEngine - INFO - ⏰ Position refresh trigger (3:00 PM)
2026-06-10 15:01:17,630 - SwingTradingEngine - INFO - 📊 3:00 PM position refresh – syncing with broker...
2026-06-10 15:01:19,656 - SwingTradingEngine - INFO - Sync completed: {'timestamp': '2026-06-10T15:01:17.631088+05:30', 'positions': {'added': [], 'updated': [], 'closed_by_gtt': [], 'closed_manual': [], 'conflicts': []}, 'orders': {'filled': [], 'cancelled': [], 'pending': [], 'conflicts': []}, 'success': True, 'portfolio_snapshot': {'date': '2026-06-10', 'snapshot': {'date': '2026-06-10', 'holdings': [], 'closed_positions': [], 'updated_at': '2026-06-10T15:01:19.652645+05:30'}}, 'balance': {'success': True, 'balance': {'equity_available': 0, 'used_margin': 0, 'available_margin': 0, 'net_pnl': 0, 'total_realized_pnl': 0, 'total_unrealized_pnl': 0, 'timestamp': '2026-06-10T15:01:19.656181+05:30'}}}
2026-06-10 15:01:19,656 - SwingTradingEngine - ERROR - Loop error: 'StateManager' object has no attribute 'get_all_current_holdings'
2026-06-10 15:14:19,662 - SwingTradingEngine - INFO - ⏰ 3:13 PM – Database update & signal scan
2026-06-10 15:14:19,662 - SwingTradingEngine - INFO - 🔄 Running database updater...
2026-06-10 15:16:09,819 - SwingTradingEngine - INFO - ✅ Database update completed successfully
2026-06-10 15:16:09,821 - SwingTradingEngine - INFO - 🔍 3:13 PM – scanning for new signals...
2026-06-10 15:18:38,621 - SwingTradingEngine - INFO - Found 18 raw buy signals
2026-06-10 15:18:38,621 - SwingTradingEngine - INFO - ****** Selected [{'symbol': 'NSE:ABSLAMC-EQ', 'name': 'ADIT BIRL SUN LIF AMC LTD', 'open': 1065.0, 'close': 1105.8, 'sector': 'Financial Services', 'confidence': np.float64(0.4), 'sector_weight': 0.3, 'final_weight': 0.3}, {'symbol': 'NSE:APARINDS-EQ', 'name': 'APAR INDUSTRIES LTD.', 'open': 13743.0, 'close': 14077.0, 'sector': 'Capital Goods', 'confidence': np.float64(0.2), 'sector_weight': 0.2, 'final_weight': 0.2}, {'symbol': 'NSE:ASTERDM-EQ', 'name': 'ASTER DM HEALTHCARE LTD.', 'open': 792.5, 'close': 811.6, 'sector': 'Healthcare', 'confidence': np.float64(0.4), 'sector_weight': 0.2, 'final_weight': 0.2}, {'symbol': 'NSE:BHARATFORG-EQ', 'name': 'BHARAT FORGE LTD', 'open': 1925.4, 'close': 1944.5, 'sector': 'Automobile and Auto Components', 'confidence': np.float64(0.2), 'sector_weight': 0.15, 'final_weight': 0.15}, {'symbol': 'NSE:CCL-EQ', 'name': 'CCL PRODUCTS (I) LTD', 'open': 1151.9, 'close': 1204.6, 'sector': 'Fast Moving Consumer Goods', 'confidence': np.float64(0.2), 'sector_weight': 0.15, 'final_weight': 0.15}, {'symbol': 'NSE:AEGISLOG-EQ', 'name': 'AEGIS LOGISTICS LIMITED', 'open': 792.0, 'close': 802.7, 'sector': 'Oil Gas & Consumable Fuels', 'confidence': np.float64(0.2), 'sector_weight': 0, 'final_weight': 0.0}, {'symbol': 'NSE:BLUEDART-EQ', 'name': 'BLUE DART EXPRESS LTD', 'open': 4715.9, 'close': 4744.9, 'sector': 'Services', 'confidence': np.float64(0.2), 'sector_weight': 0, 'final_weight': 0.0}] signals for entry
2026-06-10 15:18:38,622 - SwingTradingEngine - INFO - Placing position: NSE:ABSLAMC-EQ | Entry: 1105.80 | Qty: 2 | SL: 1061.57 | TP: 1194.26
2026-06-10 15:18:38,847 - SwingTradingEngine - INFO - ✅ Entry filled + GTT placed
2026-06-10 15:18:38,859 - SwingTradingEngine - INFO - ✅ Position opened: NSE:ABSLAMC-EQ | Cap: 2211.60 | SL: 1061.57 | TP: 1194.26
2026-06-10 15:18:38,859 - SwingTradingEngine - WARNING - Cannot afford even 1 share of NSE:APARINDS-EQ  entry_price=14077.00 with alloc_cap=2000.00
2026-06-10 15:18:38,859 - SwingTradingEngine - INFO - Placing position: NSE:ASTERDM-EQ | Entry: 811.60 | Qty: 2 | SL: 779.14 | TP: 876.53
2026-06-10 15:18:40,078 - SwingTradingEngine - INFO - ✅ Entry filled + GTT placed
2026-06-10 15:18:40,080 - SwingTradingEngine - INFO - ✅ Position opened: NSE:ASTERDM-EQ | Cap: 1623.20 | SL: 779.14 | TP: 876.53
2026-06-10 15:18:40,080 - SwingTradingEngine - WARNING - Cannot afford even 1 share of NSE:BHARATFORG-EQ  entry_price=1944.50 with alloc_cap=1500.00
2026-06-10 15:18:40,081 - SwingTradingEngine - INFO - Placing position: NSE:CCL-EQ | Entry: 1204.60 | Qty: 1 | SL: 1156.42 | TP: 1300.97
2026-06-10 15:18:41,329 - SwingTradingEngine - INFO - ✅ Entry filled + GTT placed
2026-06-10 15:18:41,331 - SwingTradingEngine - INFO - ✅ Position opened: NSE:CCL-EQ | Cap: 1204.60 | SL: 1156.42 | TP: 1300.97
2026-06-10 15:18:41,331 - SwingTradingEngine - WARNING - Invalid weight for NSE:AEGISLOG-EQ: 0.0
2026-06-10 15:18:41,331 - SwingTradingEngine - WARNING - Invalid weight for NSE:BLUEDART-EQ: 0.0
2026-06-10 15:18:41,331 - SwingTradingEngine - INFO - 🎯 Scan result: {'success': True, 'signals_found': 18, 'positions_opened': 3}
2026-06-10 15:18:41,331 - SwingTradingEngine - INFO - 💾 Saved scan_date: 2026-06-10
2026-06-10 15:18:41,333 - SwingTradingEngine - DEBUG - Timing metadata persisted to disk
