2026-05-27 11:45:43,617 - SwingTradingEngine - INFO - Recovering session: permanent
2026-05-27 11:45:45,000 - SwingTradingEngine - INFO - Recovered session: {'session_id': 'permanent', 'start_time': '2026-05-13T19:24:20.890347+05:30', 'open_positions': 0, 'total_orders': 0, 'total_pnl': -13.0, 'closed_positions': 8, 'portfolio_snapshots': 14, 'capital_available': 10000, 'capital_used': 0}
2026-05-27 11:45:45,000 - SwingTradingEngine - INFO - Swing Trading Engine initialized – Session: permanent
2026-05-27 11:45:45,001 - SwingTradingEngine - INFO - Position refresh: 15:01
2026-05-27 11:45:45,001 - SwingTradingEngine - INFO - Signal scan: 15:13 (after DB update)
2026-05-27 11:45:45,001 - SwingTradingEngine - INFO - Starting live swing trading loop
2026-05-27 11:45:45,001 - SwingTradingEngine - INFO - 📅 Loaded timing metadata: position_refresh=2026-05-20, scan=2026-05-25
2026-05-27 11:45:45,001 - SwingTradingEngine - INFO - 🔄 Recovered timing state: Last position_refresh=2026-05-20, last_scan=2026-05-25
2026-05-27 11:45:45,001 - SwingTradingEngine - INFO - Market opened
2026-05-27 15:01:16,469 - SwingTradingEngine - INFO - ⏰ Position refresh trigger (3:00 PM)
2026-05-27 15:01:16,469 - SwingTradingEngine - INFO - 📊 3:00 PM position refresh – syncing with broker...
2026-05-27 15:01:17,941 - SwingTradingEngine - INFO - Sync completed: {'timestamp': '2026-05-27T15:01:16.470067+05:30', 'positions': {'added': ['BSE:MEDANTA-A'], 'updated': [], 'closed_by_gtt': [], 'closed_manual': [], 'conflicts': []}, 'orders': {'filled': [], 'cancelled': [], 'pending': [], 'conflicts': []}, 'success': True, 'portfolio_snapshot': {'date': '2026-05-27', 'snapshot': {'date': '2026-05-27', 'holdings': [{'symbol': 'NSE:BANKBARODA-EQ', 'normalized_symbol': 'BANKBARODA', 'quantity': 1, 'average_price': 266.55, 'current_value': 270.75, 'unrealized_pnl': 4.199999999999989, 'entry_time': None}, {'symbol': 'NSE:CROMPTON-EQ', 'normalized_symbol': 'CROMPTON', 'quantity': 17, 'average_price': 301.8, 'current_value': 4914.700000000001, 'unrealized_pnl': -215.8999999999998, 'entry_time': None}, {'symbol': 'NSE:CHALET-EQ', 'normalized_symbol': 'CHALET', 'quantity': 6, 'average_price': 784.35, 'current_value': 4800.0, 'unrealized_pnl': 93.89999999999986, 'entry_time': None}, {'symbol': 'NSE:BERGEPAINT-EQ', 'normalized_symbol': 'BERGEPAINT', 'quantity': 9, 'average_price': 530.7, 'current_value': 4743.45, 'unrealized_pnl': -32.85000000000082, 'entry_time': None}, {'symbol': 'NSE:ASHOKLEY-EQ', 'normalized_symbol': 'ASHOKLEY', 'quantity': 12, 'average_price': 154.35, 'current_value': 1960.92, 'unrealized_pnl': 108.72000000000003, 'entry_time': None}], 'closed_positions': [{'symbol': 'NSE:MEDANTA-EQ', 'normalized_symbol': 'MEDANTA', 'quantity': 4, 'entry_price': 1234.05, 'exit_price': 1206.55, 'realised_pnl': -110.0, 'exit_time': '27-May-2026 14:18:12', 'type': 'delivery_sell'}], 'updated_at': '2026-05-27T15:01:17.867001+05:30'}}, 'balance': {'success': True, 'balance': {'equity_available': 82661.31999999999, 'used_margin': -4824.75214, 'available_margin': 82659.87213999999, 'net_pnl': 0, 'total_realized_pnl': 0, 'total_unrealized_pnl': 0, 'timestamp': '2026-05-27T15:01:17.941511+05:30'}}}
2026-05-27 15:01:17,993 - SwingTradingEngine - DEBUG - Updated P&L for BSE:MEDANTA-A: -9.40 (0.19%)
2026-05-27 15:01:17,994 - SwingTradingEngine - WARNING - ⏱️  NSE:BANKBARODA-EQ exceeded 7 days – closing
2026-05-27 15:01:18,039 - SwingTradingEngine - ERROR - Error placing sell order for NSE:BANKBARODA-EQ: name 'pos' is not defined
2026-05-27 15:01:18,039 - SwingTradingEngine - WARNING - ⏱️  NSE:CROMPTON-EQ exceeded 7 days – closing
2026-05-27 15:01:18,110 - SwingTradingEngine - ERROR - Error placing sell order for NSE:CROMPTON-EQ: name 'pos' is not defined
2026-05-27 15:01:18,110 - SwingTradingEngine - WARNING - ⏱️  NSE:CHALET-EQ exceeded 7 days – closing
2026-05-27 15:01:18,158 - SwingTradingEngine - ERROR - Error placing sell order for NSE:CHALET-EQ: name 'pos' is not defined
2026-05-27 15:01:18,158 - SwingTradingEngine - WARNING - ⏱️  NSE:BERGEPAINT-EQ exceeded 7 days – closing
2026-05-27 15:01:18,205 - SwingTradingEngine - ERROR - Error placing sell order for NSE:BERGEPAINT-EQ: name 'pos' is not defined
2026-05-27 15:01:18,205 - SwingTradingEngine - WARNING - ⏱️  NSE:ASHOKLEY-EQ exceeded 7 days – closing
2026-05-27 15:01:18,252 - SwingTradingEngine - ERROR - Error placing sell order for NSE:ASHOKLEY-EQ: name 'pos' is not defined
2026-05-27 15:01:18,253 - SwingTradingEngine - INFO - 💾 Saved position_refresh_date: 2026-05-27
2026-05-27 15:01:18,255 - SwingTradingEngine - DEBUG - Timing metadata persisted to disk
2026-05-27 15:01:48,255 - SwingTradingEngine - INFO - ⏰ Position refresh trigger (3:00 PM)
2026-05-27 15:01:48,255 - SwingTradingEngine - INFO - 📊 3:00 PM position refresh – syncing with broker...
2026-05-27 15:01:49,659 - SwingTradingEngine - INFO - Sync completed: {'timestamp': '2026-05-27T15:01:48.263823+05:30', 'positions': {'added': [], 'updated': [], 'closed_by_gtt': [], 'closed_manual': [], 'conflicts': []}, 'orders': {'filled': [], 'cancelled': [], 'pending': [], 'conflicts': []}, 'success': True, 'portfolio_snapshot': {'date': '2026-05-27', 'snapshot': {'date': '2026-05-27', 'holdings': [{'symbol': 'NSE:BANKBARODA-EQ', 'normalized_symbol': 'BANKBARODA', 'quantity': 1, 'average_price': 266.55, 'current_value': 270.75, 'unrealized_pnl': 4.199999999999989, 'entry_time': None}, {'symbol': 'NSE:CROMPTON-EQ', 'normalized_symbol': 'CROMPTON', 'quantity': 17, 'average_price': 301.8, 'current_value': 4913.0, 'unrealized_pnl': -217.6000000000002, 'entry_time': None}, {'symbol': 'NSE:CHALET-EQ', 'normalized_symbol': 'CHALET', 'quantity': 6, 'average_price': 784.35, 'current_value': 4800.0, 'unrealized_pnl': 93.89999999999986, 'entry_time': None}, {'symbol': 'NSE:BERGEPAINT-EQ', 'normalized_symbol': 'BERGEPAINT', 'quantity': 9, 'average_price': 530.7, 'current_value': 4743.0, 'unrealized_pnl': -33.30000000000041, 'entry_time': None}, {'symbol': 'NSE:ASHOKLEY-EQ', 'normalized_symbol': 'ASHOKLEY', 'quantity': 12, 'average_price': 154.35, 'current_value': 1962.0, 'unrealized_pnl': 109.80000000000007, 'entry_time': None}], 'closed_positions': [{'symbol': 'NSE:MEDANTA-EQ', 'normalized_symbol': 'MEDANTA', 'quantity': 4, 'entry_price': 1234.05, 'exit_price': 1206.55, 'realised_pnl': -110.0, 'exit_time': '27-May-2026 14:18:12', 'type': 'delivery_sell'}], 'updated_at': '2026-05-27T15:01:49.584794+05:30'}}, 'balance': {'success': True, 'balance': {'equity_available': 82661.31999999999, 'used_margin': -4824.75214, 'available_margin': 82659.87213999999, 'net_pnl': 0, 'total_realized_pnl': 0, 'total_unrealized_pnl': 0, 'timestamp': '2026-05-27T15:01:49.659233+05:30'}}}
2026-05-27 15:01:49,711 - SwingTradingEngine - DEBUG - Updated P&L for BSE:MEDANTA-A: -2.60 (0.05%)
2026-05-27 15:01:49,712 - SwingTradingEngine - WARNING - ⏱️  NSE:BANKBARODA-EQ exceeded 7 days – closing
2026-05-27 15:01:49,783 - SwingTradingEngine - ERROR - Error placing sell order for NSE:BANKBARODA-EQ: name 'pos' is not defined
2026-05-27 15:01:49,783 - SwingTradingEngine - WARNING - ⏱️  NSE:CROMPTON-EQ exceeded 7 days – closing
2026-05-27 15:01:49,854 - SwingTradingEngine - ERROR - Error placing sell order for NSE:CROMPTON-EQ: name 'pos' is not defined
2026-05-27 15:01:49,854 - SwingTradingEngine - WARNING - ⏱️  NSE:CHALET-EQ exceeded 7 days – closing
2026-05-27 15:01:49,925 - SwingTradingEngine - ERROR - Error placing sell order for NSE:CHALET-EQ: name 'pos' is not defined
2026-05-27 15:01:49,925 - SwingTradingEngine - WARNING - ⏱️  NSE:BERGEPAINT-EQ exceeded 7 days – closing
2026-05-27 15:01:50,010 - SwingTradingEngine - ERROR - Error placing sell order for NSE:BERGEPAINT-EQ: name 'pos' is not defined
2026-05-27 15:01:50,010 - SwingTradingEngine - WARNING - ⏱️  NSE:ASHOKLEY-EQ exceeded 7 days – closing
2026-05-27 15:01:50,080 - SwingTradingEngine - ERROR - Error placing sell order for NSE:ASHOKLEY-EQ: name 'pos' is not defined
2026-05-27 15:01:50,080 - SwingTradingEngine - INFO - 💾 Saved position_refresh_date: 2026-05-27
2026-05-27 15:01:50,083 - SwingTradingEngine - DEBUG - Timing metadata persisted to disk
2026-05-27 15:13:20,089 - SwingTradingEngine - INFO - ⏰ 3:13 PM – Database update & signal scan
2026-05-27 15:13:20,089 - SwingTradingEngine - INFO - 🔄 Running database updater...
2026-05-27 15:15:02,330 - SwingTradingEngine - INFO - ✅ Database update completed successfully
2026-05-27 15:15:02,330 - SwingTradingEngine - INFO - 🔍 3:13 PM – scanning for new signals...
2026-05-27 15:16:07,558 - SwingTradingEngine - INFO - Found 15 raw buy signals
2026-05-27 15:16:07,559 - SwingTradingEngine - INFO - ****** Selected [{'symbol': 'NSE:ADANIGREEN-EQ', 'name': 'ADANI GREEN ENERGY LTD', 'open': 1472.0, 'close': 1490.5, 'sector': 'Power', 'confidence': np.float64(0.2), 'sector_weight': 0.12, 'final_weight': 0.10714285714285712}, {'symbol': 'NSE:ALKEM-EQ', 'name': 'ALKEM LABORATORIES LTD.', 'open': 5414.5, 'close': 5432.5, 'sector': 'Healthcare', 'confidence': np.float64(0.2), 'sector_weight': 0.2, 'final_weight': 0.17857142857142858}, {'symbol': 'NSE:FINPIPE-EQ', 'name': 'FINOLEX INDUSTRIES LTD', 'open': 188.6, 'close': 191.29, 'sector': 'Capital Goods', 'confidence': np.float64(0.4), 'sector_weight': 0.2, 'final_weight': 0.17857142857142858}, {'symbol': 'NSE:ASAHIINDIA-EQ', 'name': 'ASAHI INDIA GLASS LIMITED', 'open': 895.7, 'close': 910.0, 'sector': 'Automobile and Auto Components', 'confidence': np.float64(0.4), 'sector_weight': 0.15, 'final_weight': 0.13392857142857142}, {'symbol': 'NSE:AIIL-EQ', 'name': 'AUTHUM INVEST & INFRA LTD', 'open': 477.0, 'close': 500.6, 'sector': 'Financial Services', 'confidence': np.float64(0.2), 'sector_weight': 0.3, 'final_weight': 0.26785714285714285}, {'symbol': 'NSE:GILLETTE-EQ', 'name': 'GILLETTE INDIA LTD', 'open': 7969.0, 'close': 8263.0, 'sector': 'Fast Moving Consumer Goods', 'confidence': np.float64(0.2), 'sector_weight': 0.15, 'final_weight': 0.13392857142857142}, {'symbol': 'NSE:BAYERCROP-EQ', 'name': 'BAYER CROPSCIENCE LTD', 'open': 4605.0, 'close': 4618.5, 'sector': 'Chemicals', 'confidence': np.float64(0.4), 'sector_weight': 0, 'final_weight': 0.0}] signals for entry
2026-05-27 15:16:07,559 - SwingTradingEngine - WARNING - Cannot afford even 1 share of NSE:ADANIGREEN-EQ  entry_price=1490.50 with alloc_cap=1071.43
2026-05-27 15:16:07,559 - SwingTradingEngine - WARNING - Cannot afford even 1 share of NSE:ALKEM-EQ  entry_price=5432.50 with alloc_cap=1785.71
2026-05-27 15:16:07,559 - SwingTradingEngine - INFO - Placing position: NSE:FINPIPE-EQ | Entry: 191.29 | Qty: 9 | SL: 183.64 | TP: 206.59
2026-05-27 15:16:07,788 - SwingTradingEngine - INFO - ✅ Entry filled + GTT placed
2026-05-27 15:16:07,792 - SwingTradingEngine - INFO - ✅ Position opened: NSE:FINPIPE-EQ | Cap: 1721.61 | SL: 183.64 | TP: 206.59
2026-05-27 15:16:07,792 - SwingTradingEngine - INFO - Placing position: NSE:ASAHIINDIA-EQ | Entry: 910.00 | Qty: 1 | SL: 873.60 | TP: 982.80
2026-05-27 15:16:07,992 - SwingTradingEngine - INFO - ✅ Entry filled + GTT placed
2026-05-27 15:16:07,995 - SwingTradingEngine - INFO - ✅ Position opened: NSE:ASAHIINDIA-EQ | Cap: 910.00 | SL: 873.60 | TP: 982.80
2026-05-27 15:16:07,995 - SwingTradingEngine - INFO - Placing position: NSE:AIIL-EQ | Entry: 500.60 | Qty: 5 | SL: 480.58 | TP: 540.65
2026-05-27 15:16:09,242 - SwingTradingEngine - INFO - ✅ Entry filled + GTT placed
2026-05-27 15:16:09,244 - SwingTradingEngine - INFO - ✅ Position opened: NSE:AIIL-EQ | Cap: 2503.00 | SL: 480.58 | TP: 540.65
2026-05-27 15:16:09,244 - SwingTradingEngine - WARNING - Cannot afford even 1 share of NSE:GILLETTE-EQ  entry_price=8263.00 with alloc_cap=1339.29
2026-05-27 15:16:09,244 - SwingTradingEngine - WARNING - Invalid weight for NSE:BAYERCROP-EQ: 0.0
2026-05-27 15:16:09,245 - SwingTradingEngine - INFO - 🎯 Scan result: {'success': True, 'signals_found': 15, 'positions_opened': 3}
2026-05-27 15:16:09,245 - SwingTradingEngine - INFO - 💾 Saved scan_date: 2026-05-27
2026-05-27 15:16:09,254 - SwingTradingEngine - DEBUG - Timing metadata persisted to disk
2026-05-28 01:25:12,927 - SwingTradingEngine - INFO - Swing trading loop stopped
2026-05-28 01:25:12,949 - SwingTradingEngine - INFO - Stopping engine...
