2026-06-05 11:52:43,777 - SwingTradingEngine - INFO - Recovering session: permanent
2026-06-05 11:52:45,172 - SwingTradingEngine - INFO - Recovered session: {'session_id': 'permanent', 'start_time': '2026-05-13T19:24:20.890347+05:30', 'open_positions': 0, 'total_orders': 0, 'total_pnl': 279.6499999999994, 'closed_positions': 13, 'portfolio_snapshots': 20, 'capital_available': 10000, 'capital_used': 0}
2026-06-05 11:52:45,172 - SwingTradingEngine - INFO - Swing Trading Engine initialized – Session: permanent
2026-06-05 11:52:45,172 - SwingTradingEngine - INFO - Position refresh: 15:01
2026-06-05 11:52:45,172 - SwingTradingEngine - INFO - Signal scan: 15:14 (after DB update)
2026-06-05 11:52:45,172 - SwingTradingEngine - INFO - Starting live swing trading loop
2026-06-05 11:52:45,172 - SwingTradingEngine - INFO - 📅 Loaded timing metadata: position_refresh=2026-05-27, scan=2026-06-04
2026-06-05 11:52:45,172 - SwingTradingEngine - INFO - 🔄 Recovered timing state: Last position_refresh=2026-05-27, last_scan=2026-06-04
2026-06-05 11:52:45,172 - SwingTradingEngine - INFO - Market opened
2026-06-05 15:01:16,620 - SwingTradingEngine - INFO - ⏰ Position refresh trigger (3:00 PM)
2026-06-05 15:01:16,620 - SwingTradingEngine - INFO - 📊 3:00 PM position refresh – syncing with broker...
2026-06-05 15:01:18,101 - SwingTradingEngine - INFO - Sync completed: {'timestamp': '2026-06-05T15:01:16.621108+05:30', 'positions': {'added': [], 'updated': [], 'closed_by_gtt': [], 'closed_manual': [], 'conflicts': []}, 'orders': {'filled': [], 'cancelled': [], 'pending': [], 'conflicts': []}, 'success': True, 'portfolio_snapshot': {'date': '2026-06-05', 'snapshot': {'date': '2026-06-05', 'holdings': [{'symbol': 'NSE:AKUMS-EQ', 'normalized_symbol': 'AKUMS', 'quantity': 10, 'average_price': 555.85, 'current_value': 5521.0, 'unrealized_pnl': -37.5, 'entry_time': None}, {'symbol': 'NSE:CGPOWER-EQ', 'normalized_symbol': 'CGPOWER', 'quantity': 6, 'average_price': 937.8, 'current_value': 5619.0, 'unrealized_pnl': -7.799999999999727, 'entry_time': None}, {'symbol': 'NSE:360ONE-EQ', 'normalized_symbol': '360ONE', 'quantity': 11, 'average_price': 1082.06, 'current_value': 11787.599999999999, 'unrealized_pnl': -198.7400000000007, 'entry_time': None}, {'symbol': 'NSE:360ONE-EQ', 'normalized_symbol': '360ONE', 'quantity': 8, 'average_price': 1082.06, 'current_value': 8572.8, 'unrealized_pnl': -198.7400000000007, 'entry_time': None}, {'symbol': 'NSE:CHALET-EQ', 'normalized_symbol': 'CHALET', 'quantity': 6, 'average_price': 784.35, 'current_value': 4606.200000000001, 'unrealized_pnl': -99.89999999999986, 'entry_time': None}, {'symbol': 'NSE:BANKBARODA-EQ', 'normalized_symbol': 'BANKBARODA', 'quantity': 1, 'average_price': 266.55, 'current_value': 263.8, 'unrealized_pnl': -2.75, 'entry_time': None}], 'closed_positions': [], 'updated_at': '2026-06-05T15:01:18.046399+05:30'}}, 'balance': {'success': True, 'balance': {'equity_available': 61799.55, 'used_margin': 0, 'available_margin': 61799.55, 'net_pnl': 0, 'total_realized_pnl': 0, 'total_unrealized_pnl': 0, 'timestamp': '2026-06-05T15:01:18.101087+05:30'}}}
2026-06-05 15:01:18,102 - SwingTradingEngine - ERROR - Loop error: strptime() argument 1 must be str, not None
2026-06-05 15:14:18,110 - SwingTradingEngine - INFO - ⏰ 3:13 PM – Database update & signal scan
2026-06-05 15:14:18,110 - SwingTradingEngine - INFO - 🔄 Running database updater...
2026-06-05 15:15:57,987 - SwingTradingEngine - INFO - ✅ Database update completed successfully
2026-06-05 15:15:57,988 - SwingTradingEngine - INFO - 🔍 3:13 PM – scanning for new signals...
2026-06-05 15:17:31,732 - SwingTradingEngine - INFO - Found 11 raw buy signals
2026-06-05 15:17:31,732 - SwingTradingEngine - INFO - ****** Selected [{'symbol': 'NSE:360ONE-EQ', 'name': '360 ONE WAM LIMITED', 'open': 1068.0, 'close': 1072.9, 'sector': 'Financial Services', 'confidence': np.float64(0.4), 'sector_weight': 0.3, 'final_weight': 0.3896103896103896}, {'symbol': 'NSE:ADANIENSOL-EQ', 'name': 'ADANI ENERGY SOLUTION LTD', 'open': 1528.4, 'close': 1577.0, 'sector': 'Power', 'confidence': np.float64(0.2), 'sector_weight': 0.12, 'final_weight': 0.15584415584415584}, {'symbol': 'NSE:BBTC-EQ', 'name': 'BOMBAY BURMAH TRADING COR', 'open': 1509.8, 'close': 1528.0, 'sector': 'Fast Moving Consumer Goods', 'confidence': np.float64(0.2), 'sector_weight': 0.15, 'final_weight': 0.1948051948051948}, {'symbol': 'NSE:MEDANTA-EQ', 'name': 'GLOBAL HEALTH LIMITED', 'open': 1231.9, 'close': 1240.0, 'sector': 'Healthcare', 'confidence': np.float64(0.2), 'sector_weight': 0.2, 'final_weight': 0.25974025974025977}, {'symbol': 'NSE:ADANIENT-EQ', 'name': 'ADANI ENTERPRISES LIMITED', 'open': 2992.0, 'close': 3050.7, 'sector': 'Metals & Mining', 'confidence': np.float64(0.2), 'sector_weight': 0, 'final_weight': 0.0}, {'symbol': 'NSE:CHALET-EQ', 'name': 'CHALET HOTELS LIMITED', 'open': 774.0, 'close': 779.45, 'sector': 'Consumer Services', 'confidence': np.float64(0.2), 'sector_weight': 0, 'final_weight': 0.0}] signals for entry
2026-06-05 15:17:31,733 - SwingTradingEngine - INFO - Placing position: NSE:360ONE-EQ | Entry: 1072.90 | Qty: 7 | SL: 1029.98 | TP: 1158.73
2026-06-05 15:17:31,950 - SwingTradingEngine - INFO - ✅ Entry filled + GTT placed
2026-06-05 15:17:31,952 - SwingTradingEngine - INFO - ✅ Position opened: NSE:360ONE-EQ | Cap: 7510.30 | SL: 1029.98 | TP: 1158.73
2026-06-05 15:17:31,953 - SwingTradingEngine - INFO - Placing position: NSE:ADANIENSOL-EQ | Entry: 1577.00 | Qty: 1 | SL: 1513.92 | TP: 1703.16
2026-06-05 15:17:33,169 - SwingTradingEngine - INFO - ✅ Entry filled + GTT placed
2026-06-05 15:17:33,172 - SwingTradingEngine - INFO - ✅ Position opened: NSE:ADANIENSOL-EQ | Cap: 1577.00 | SL: 1513.92 | TP: 1703.16
2026-06-05 15:17:33,172 - SwingTradingEngine - INFO - Placing position: NSE:BBTC-EQ | Entry: 1528.00 | Qty: 2 | SL: 1466.88 | TP: 1650.24
2026-06-05 15:17:33,335 - SwingTradingEngine - INFO - ✅ Entry filled + GTT placed
2026-06-05 15:17:33,338 - SwingTradingEngine - INFO - ✅ Position opened: NSE:BBTC-EQ | Cap: 3056.00 | SL: 1466.88 | TP: 1650.24
2026-06-05 15:17:33,338 - SwingTradingEngine - INFO - Placing position: NSE:MEDANTA-EQ | Entry: 1240.00 | Qty: 4 | SL: 1190.40 | TP: 1339.20
2026-06-05 15:17:33,512 - SwingTradingEngine - INFO - ✅ Entry filled + GTT placed
2026-06-05 15:17:33,515 - SwingTradingEngine - INFO - ✅ Position opened: NSE:MEDANTA-EQ | Cap: 4960.00 | SL: 1190.40 | TP: 1339.20
2026-06-05 15:17:33,515 - SwingTradingEngine - WARNING - Invalid weight for NSE:ADANIENT-EQ: 0.0
2026-06-05 15:17:33,515 - SwingTradingEngine - WARNING - Invalid weight for NSE:CHALET-EQ: 0.0
2026-06-05 15:17:33,515 - SwingTradingEngine - INFO - 🎯 Scan result: {'success': True, 'signals_found': 11, 'positions_opened': 4}
2026-06-05 15:17:33,515 - SwingTradingEngine - INFO - 💾 Saved scan_date: 2026-06-05
2026-06-05 15:17:33,525 - SwingTradingEngine - DEBUG - Timing metadata persisted to disk
2026-06-05 18:35:54,183 - SwingTradingEngine - INFO - Swing trading loop stopped
2026-06-05 18:35:54,183 - SwingTradingEngine - INFO - Stopping engine...
2026-06-05 18:35:55,652 - SwingTradingEngine - INFO - Engine stopped
